{
  "label": "AgC_residual_mode_p_06_v19_acq",
  "source": "/workspace/-/research/mace-v12-transfer/periodic_interface_v4/pbe_interface_v19_residual_acquisition/inputs/AgC_residual_mode_p_06_v19_proposal.extxyz",
  "source_sha256": "9d90ac09b3aec60c6d556740a3374659f4259333ae34487c9017c8ef35d9cd8a",
  "atoms": 48,
  "formula": "C13Ag2Si10Ti23",
  "energy_eV_cell": -254.22869105914666,
  "free_energy_eV_cell": -255.3834269797747,
  "energy_convention": "GPAW native extrapolated energy, force_consistent=False; free_energy recorded separately",
  "scf_converged": true,
  "scf_iterations": 58,
  "fmax_eV_A": 11.501233283919715,
  "rms_force_eV_A": 3.480735470833371,
  "method": {
    "xc": "PBE",
    "basis": "plane wave",
    "cutoff_eV": 500,
    "kpts": [
      1,
      1,
      1
    ],
    "smearing_eV": 0.1,
    "parallel": {
      "sl_auto": true
    },
    "scf_thresholds": "energy/density/eigenstates 1e-5",
    "mixer": "Pulay beta=0.05, nmaxold=8, weight=100",
    "GPAW_version": "26.7.0"
  },
  "mpi_ranks": 4,
  "elapsed_s": 6237.115059375763,
  "dataset_role": "training_acquisition_reused_development_family",
  "note": "V19 residual-direction training acquisition; deliberate near-parent geometry, no independent-validation claim."
}
