{
  "label": "AgTi_residual_mode_p_03_v19_acq",
  "source": "/workspace/-/research/mace-v12-transfer/periodic_interface_v4/pbe_interface_v19_residual_acquisition/inputs/AgTi_residual_mode_p_03_v19_proposal.extxyz",
  "source_sha256": "9c8c82d6d9460ab918b0b41bfa07ba5ccb9b72e455161dde0528e609178d9fcf",
  "atoms": 49,
  "formula": "C11Ag28SiTi9",
  "energy_eV_cell": -174.20498687339932,
  "free_energy_eV_cell": -174.8578732702291,
  "energy_convention": "GPAW native extrapolated energy, force_consistent=False; free_energy recorded separately",
  "scf_converged": true,
  "scf_iterations": 40,
  "fmax_eV_A": 4.661441895024602,
  "rms_force_eV_A": 2.015900030440408,
  "method": {
    "xc": "PBE",
    "basis": "plane wave",
    "cutoff_eV": 500,
    "kpts": [
      1,
      1,
      1
    ],
    "smearing_eV": 0.1,
    "parallel": {
      "sl_auto": true
    },
    "scf_thresholds": "energy/density/eigenstates 1e-5",
    "mixer": "Pulay beta=0.05, nmaxold=8, weight=100",
    "GPAW_version": "26.7.0"
  },
  "mpi_ranks": 4,
  "elapsed_s": 6601.972598314285,
  "dataset_role": "training_acquisition_reused_development_family",
  "note": "V19 residual-direction training acquisition; deliberate near-parent geometry, no independent-validation claim."
}
