{
  "label": "AgC_registry_strain_acq_v14_01",
  "source": "/workspace/-/research/mace-v12-transfer/periodic_interface_v4/pbe_interface_v14_parallel_acquisition/inputs/AgC_registry_strain_acq_v14_01.extxyz",
  "source_sha256": "ce992b93cf32ebcee7cd65ff7c23dec91dc8e28616893ed414818253ebe1d260",
  "atoms": 48,
  "formula": "C13Ag2Si10Ti23",
  "central_pair": {
    "elements": "Ag-C",
    "Ag_id": 688433,
    "contact_id": 604804,
    "distance_A": 2.2599629638032552,
    "separating_force_eV_A": -2.690416320114177
  },
  "energy_eV_cell": -257.5833982481984,
  "scf_converged": true,
  "scf_iterations": 58,
  "fmax_eV_A": 6.23123976850112,
  "rms_force_eV_A": 2.760217550978025,
  "method": {
    "xc": "PBE",
    "basis": "plane wave",
    "cutoff_eV": 500,
    "kpts": [
      1,
      1,
      1
    ],
    "smearing_eV": 0.1,
    "parallel": {
      "sl_auto": true
    },
    "scf_thresholds": "energy/density/eigenstates 1e-5",
    "mixer": "Pulay beta=0.05, nmaxold=8, weight=100",
    "GPAW_version": "26.7.0"
  },
  "mpi_ranks": 4,
  "elapsed_s": 2819.2833473682404,
  "dataset_role": "acquisition",
  "note": "New auxiliary-window label; v14_holdout roles are reserved outside v14 training."
}
