{
  "label": "Ag_baseline_k4x4x4_v19",
  "source": "/workspace/-/research/mace-v12-transfer/periodic_interface_v4/pbe_interface_v19_pure_phase_controls/inputs/Ag_baseline_PROPOSAL.extxyz",
  "source_sha256": "21138a56bc3138106c102c4eb207ea76e2060bb5315f454a937f3ce26308318f",
  "atoms": 32,
  "formula": "Ag32",
  "energy_eV_cell": -91.40796769909241,
  "free_energy_eV_cell": -91.5556831236908,
  "energy_convention": "GPAW native extrapolated energy, force_consistent=False; free_energy recorded separately",
  "scf_converged": true,
  "scf_iterations": 13,
  "fmax_eV_A": 3.3203873168099884e-05,
  "rms_force_eV_A": 2.1201066397945213e-05,
  "method": {
    "xc": "PBE",
    "basis": "plane wave",
    "cutoff_eV": 500,
    "smearing_eV": 0.1,
    "parallel": {
      "sl_auto": true
    },
    "scf_thresholds": "energy/density/eigenstates 1e-5",
    "mixer": "Pulay beta=0.05, nmaxold=8, weight=100",
    "maxiter": 160,
    "GPAW_version": "26.7.0",
    "ASE_version": "3.29.0",
    "PAW_data_version": "1.2.1",
    "PAW_setup_sha256": {
      "Ag.PBE.gz": "bff00ac79a7fa6e8c3a71c8b34d3a9c488e6bf1c00b3e9c4c91c231551145e97",
      "Ti.PBE.gz": "bf822f91317bebbb6ea9b456dc4e8f72fb2a8b824984221578bf1bd7048add2f",
      "Si.PBE.gz": "2defcf97f4072f0946dd4ad44cbb78bb48987a64f38a79afbf62ff66c6154ef0",
      "C.PBE.gz": "fbef4c5328af74d9fb1b5b7f9aa024cd9ec5a2b9b862351f5cff280e0f83c983"
    },
    "energy_keys": {
      "native": "energy (force_consistent=False)",
      "force_consistent": "free_energy"
    },
    "kpts": [
      4,
      4,
      4
    ],
    "pbc": [
      true,
      true,
      true
    ],
    "poissonsolver": {}
  },
  "mpi_ranks": 4,
  "elapsed_s": 154.06251406669617,
  "dataset_role": "numerical_pure_phase_control_not_training_or_independent_validation",
  "note": "CIF-derived bulk pure-phase numerical control; deliberate near-parent geometry, no independent-validation claim."
}
