{
  "label": "AgSi_originalvac_slab_dipole_off_v19",
  "source": "/workspace/-/research/mace-v12-transfer/periodic_interface_v4/pbe_interface_v19_cif_slab_controls/inputs/AgSi_originalvac_slab_dipole_off_DRAFT.extxyz",
  "source_sha256": "9e4fe1a59f8e9b7d8fd8aeb859448dae3af39dd6ce9574dc144233a78c7167f4",
  "atoms": 52,
  "formula": "C16Ag4Si8Ti24",
  "energy_eV_cell": -390.44395403993826,
  "free_energy_eV_cell": -390.8344924416025,
  "energy_convention": "GPAW native extrapolated energy, force_consistent=False; free_energy recorded separately",
  "scf_converged": true,
  "scf_iterations": 43,
  "fmax_eV_A": 0.9480931956657335,
  "rms_force_eV_A": 0.4463022079521119,
  "method": {
    "xc": "PBE",
    "basis": "plane wave",
    "cutoff_eV": 500,
    "kpts": [
      6,
      6,
      1
    ],
    "smearing_eV": 0.1,
    "parallel": {
      "sl_auto": true
    },
    "scf_thresholds": "energy/density/eigenstates 1e-5",
    "mixer": "Pulay beta=0.05, nmaxold=8, weight=100",
    "GPAW_version": "26.7.0",
    "PAW_data_version": "1.2.1",
    "PAW_setup_sha256": {
      "Ag.PBE.gz": "bff00ac79a7fa6e8c3a71c8b34d3a9c488e6bf1c00b3e9c4c91c231551145e97",
      "Ti.PBE.gz": "bf822f91317bebbb6ea9b456dc4e8f72fb2a8b824984221578bf1bd7048add2f",
      "Si.PBE.gz": "2defcf97f4072f0946dd4ad44cbb78bb48987a64f38a79afbf62ff66c6154ef0",
      "C.PBE.gz": "fbef4c5328af74d9fb1b5b7f9aa024cd9ec5a2b9b862351f5cff280e0f83c983"
    },
    "energy_keys": {
      "native": "energy (force_consistent=False)",
      "force_consistent": "free_energy"
    },
    "maxiter": 160,
    "pbc": [
      true,
      true,
      false
    ],
    "poissonsolver": {}
  },
  "mpi_ranks": 4,
  "elapsed_s": 5785.703390836716,
  "dataset_role": "numerical_convergence_pilot_not_training_or_validation_label",
  "note": "CIF-derived slab boundary/dipole numerical control; deliberate near-parent geometry, no independent-validation claim."
}
