{
  "label": "AgSi_parent_36A_dipoleON_k6x6x1_sigma0p10_v19",
  "source": "/workspace/-/research/mace-v12-transfer/periodic_interface_v4/pbe_interface_v19_cif_slab_controls/inputs/AgSi_parent_36A_dipoleON_k6x6x1_sigma0p10_v19.extxyz",
  "source_sha256": "a20543119de0683be769d92ebfc3381f4cc9b89d7c0994f6b0e686f3fbd96cbf",
  "atoms": 52,
  "formula": "C16Ag4Si8Ti24",
  "energy_eV_cell": -390.4450176219735,
  "free_energy_eV_cell": -390.83552524239536,
  "energy_convention": "GPAW native extrapolated energy, force_consistent=False; free_energy recorded separately",
  "scf_converged": true,
  "scf_iterations": 54,
  "fmax_eV_A": 0.9481138552394571,
  "rms_force_eV_A": 0.44623983970742825,
  "method": {
    "xc": "PBE",
    "basis": "plane wave",
    "cutoff_eV": 500,
    "kpts": [
      6,
      6,
      1
    ],
    "smearing_eV": 0.1,
    "parallel": {
      "sl_auto": true
    },
    "scf_thresholds": "energy/density/eigenstates 1e-5",
    "mixer": "Pulay beta=0.05, nmaxold=8, weight=100",
    "GPAW_version": "26.7.0",
    "PAW_data_version": "1.2.1",
    "PAW_setup_sha256": {
      "Ag.PBE.gz": "bff00ac79a7fa6e8c3a71c8b34d3a9c488e6bf1c00b3e9c4c91c231551145e97",
      "Ti.PBE.gz": "bf822f91317bebbb6ea9b456dc4e8f72fb2a8b824984221578bf1bd7048add2f",
      "Si.PBE.gz": "2defcf97f4072f0946dd4ad44cbb78bb48987a64f38a79afbf62ff66c6154ef0",
      "C.PBE.gz": "fbef4c5328af74d9fb1b5b7f9aa024cd9ec5a2b9b862351f5cff280e0f83c983"
    },
    "energy_keys": {
      "native": "energy (force_consistent=False)",
      "force_consistent": "free_energy"
    },
    "maxiter": 160,
    "pbc": [
      true,
      true,
      false
    ],
    "poissonsolver": {
      "dipolelayer": "xy"
    }
  },
  "mpi_ranks": 4,
  "elapsed_s": 13854.609543561935,
  "dataset_role": "boundary_numerical_control_not_training_or_independent_validation",
  "note": "CIF-derived slab boundary/dipole numerical control; deliberate near-parent geometry, no independent-validation claim."
}
