{
  "label": "AgSi_COD9009647_pilot_k6x6",
  "source": "/workspace/-/research/mace-v12-transfer/periodic_interface_v4/pbe_interface_v19_cif_convergence_pilot/inputs/AgSi_cod9009647_slab_v19_dev_proposal.extxyz",
  "source_sha256": "8fe44bee35e17ebfc433e059925a7a85f0dbb4e775090a75ae1883b3eaa6c36c",
  "atoms": 52,
  "formula": "C16Ag4Si8Ti24",
  "energy_eV_cell": -390.44395403993826,
  "free_energy_eV_cell": -390.8344924416025,
  "energy_convention": "GPAW native extrapolated energy, force_consistent=False; free_energy recorded separately",
  "scf_converged": true,
  "scf_iterations": 43,
  "fmax_eV_A": 0.9480931956657338,
  "rms_force_eV_A": 0.4463022079521119,
  "method": {
    "xc": "PBE",
    "basis": "plane wave",
    "cutoff_eV": 500,
    "kpts": [
      6,
      6,
      1
    ],
    "smearing_eV": 0.1,
    "parallel": {
      "sl_auto": true
    },
    "scf_thresholds": "energy/density/eigenstates 1e-5",
    "mixer": "Pulay beta=0.05, nmaxold=8, weight=100",
    "GPAW_version": "26.7.0"
  },
  "mpi_ranks": 4,
  "elapsed_s": 3723.3488998413086,
  "dataset_role": "numerical_convergence_pilot_not_training_or_validation_label",
  "note": "CIF-derived matched-mesh numerical convergence pilot; deliberate near-parent geometry, no independent-validation claim."
}
