2026-10-07 13:25:34.889 INFO: ===========VERIFYING SETTINGS===========
2026-10-07 13:25:34.889 INFO: MACE version: 0.3.16
2026-10-07 13:25:34.889 DEBUG: Configuration: Namespace(config=None, name='MACE_periodic_v17_provisional_screening', seed=45, work_dir='/workspace/-/research/mace-v12-transfer/periodic_interface_v4/mace_periodic_v17_interface_energy/training_provisional_01', log_dir='/workspace/-/research/mace-v12-transfer/periodic_interface_v4/mace_periodic_v17_interface_energy/training_provisional_01/logs', model_dir='/workspace/-/research/mace-v12-transfer/periodic_interface_v4/mace_periodic_v17_interface_energy/training_provisional_01/models', checkpoints_dir='/workspace/-/research/mace-v12-transfer/periodic_interface_v4/mace_periodic_v17_interface_energy/training_provisional_01/checkpoints', results_dir='/workspace/-/research/mace-v12-transfer/periodic_interface_v4/mace_periodic_v17_interface_energy/training_provisional_01/results', downloads_dir='/workspace/-/research/mace-v12-transfer/periodic_interface_v4/mace_periodic_v17_interface_energy/training_provisional_01/downloads', device='cpu', default_dtype='float64', distributed=False, launcher='slurm', log_level='INFO', plot=True, plot_frequency=0, plot_interaction_e=False, error_table='PerAtomRMSE', model='MACE', r_max=5.0, radial_type='bessel', num_radial_basis=8, num_cutoff_basis=5, pair_repulsion=False, distance_transform='None', apply_cutoff=True, use_last_readout_only=False, use_embedding_readout=False, interaction='RealAgnosticResidualInteractionBlock', interaction_first='RealAgnosticResidualInteractionBlock', max_ell=3, correlation=3, use_reduced_cg=False, use_so3=False, use_agnostic_product=False, num_interactions=2, MLP_irreps='16x0e', radial_MLP='[64, 64, 64]', hidden_irreps='128x0e + 128x1o', edge_irreps=None, use_edge_irreps_first=False, num_channels=128, max_L=1, gate='silu', kspace_cutoff_factor=1.5, atomic_multipoles_max_l=0, atomic_multipoles_smearing_width=1.0, field_feature_max_l=0, field_feature_widths='[1.0]', field_feature_norms=None, num_recursion_steps=1, field_si=False, include_electrostatic_self_interaction=False, add_local_electron_energy=False, quadrupole_feature_corrections=False, return_electrostatic_potentials=False, field_norm_factor=0.02, fixedpoint_update_config=None, field_readout_config=None, scaling='rms_forces_scaling', avg_num_neighbors=1, compute_avg_num_neighbors=True, compute_stress=False, compute_forces=True, compute_polarizability=False, compute_atomic_dipole=False, train_file='/workspace/-/research/mace-v12-transfer/periodic_interface_v4/mace_periodic_v17_interface_energy/data/train.extxyz', valid_file='/workspace/-/research/mace-v12-transfer/periodic_interface_v4/mace_periodic_v17_interface_energy/data/valid.extxyz', valid_fraction=0.1, test_file=None, test_dir=None, multi_processed_test=False, num_workers=0, pin_memory=True, atomic_numbers=None, mean=None, std=None, statistics_file=None, les_arguments=None, E0s='estimated', pseudolabel_replay=False, pseudolabel_replay_compute_stress=False, foundation_filter_elements=True, heads=None, multiheads_finetuning=True, foundation_head=None, weight_pt_head=1.0, real_pt_data_ratio_threshold=0.1, num_samples_pt=10000, force_mh_ft_lr=False, subselect_pt='random', filter_type_pt='none', allow_random_padding_pt=True, pt_train_file=None, pt_valid_file=None, foundation_model_elements=False, keep_isolated_atoms=False, lora=False, lora_rank=4, lora_alpha=1.0, energy_key='REF_energy', forces_key='REF_forces', virials_key='REF_virials', stress_key='REF_stress', dipole_key='dipole', polarizability_key='polarizability', head_key='head', charges_key='REF_charges', elec_temp_key='elec_temp', total_spin_key='total_spin', total_charge_key='total_charge', embedding_specs=None, skip_evaluate_heads='pt_head', loss='weighted', forces_weight=1000.0, swa_forces_weight=100.0, energy_weight=100.0, swa_energy_weight=1000.0, virials_weight=1.0, swa_virials_weight=10.0, stress_weight=1.0, swa_stress_weight=10.0, dipole_weight=1.0, swa_dipole_weight=1.0, swa_polarizability_weight=1.0, polarizability_weight=1.0, config_type_weights='{"Default":1.0}', huber_delta=0.01, optimizer='adam', beta=0.9, beta1_schedulefree=0.9, beta2_schedulefree=0.98, batch_size=1, valid_batch_size=10, lr=0.0001, swa_lr=0.001, weight_decay=5e-07, lr_params_factors='{"embedding_lr_factor": 1.0, "interactions_lr_factor": 1.0, "products_lr_factor": 1.0, "readouts_lr_factor": 1.0}', freeze=None, amsgrad=True, scheduler='ReduceLROnPlateau', lr_factor=0.8, scheduler_patience=50, lr_scheduler_gamma=0.9993, swa=False, start_swa=None, lbfgs=False, ema=False, ema_decay=0.99, max_num_epochs=80, patience=2048, foundation_model='/workspace/-/research/mace-v12-transfer/periodic_interface_v4/mace_periodic_v12_interface_energy/foundation_models/mace-mp-0b3-medium.model', foundation_model_kwargs='{}', foundation_model_readout=True, eval_interval=1, keep_checkpoints=False, save_all_checkpoints=False, restart_latest=False, save_cpu=False, clip_grad=10.0, dry_run=False, enable_cueq=False, only_cueq=False, enable_oeq=False, wandb=False, wandb_dir=None, wandb_project='', wandb_entity='', wandb_name='', wandb_log_hypers=['num_channels', 'max_L', 'correlation', 'lr', 'swa_lr', 'weight_decay', 'batch_size', 'max_num_epochs', 'start_swa', 'energy_weight', 'forces_weight'], key_specification=KeySpecification(info_keys={'energy': 'REF_energy', 'stress': 'REF_stress', 'virials': 'REF_virials', 'dipole': 'dipole', 'head': 'head', 'elec_temp': 'elec_temp', 'total_charge': 'total_charge', 'polarizability': 'polarizability', 'total_spin': 'total_spin'}, arrays_keys={'forces': 'REF_forces', 'charges': 'REF_charges'}))
2026-10-07 13:25:34.889 INFO: Using CPU
2026-10-07 13:25:34.926 DEBUG: Popen(['git', 'version'], cwd=/workspace/-/research/mace-v12-transfer/periodic_interface_v4/mace_periodic_v17_interface_energy/training_provisional_01, stdin=None, shell=False, universal_newlines=False)
2026-10-07 13:25:34.929 DEBUG: Popen(['git', 'version'], cwd=/workspace/-/research/mace-v12-transfer/periodic_interface_v4/mace_periodic_v17_interface_energy/training_provisional_01, stdin=None, shell=False, universal_newlines=False)
2026-10-07 13:25:34.938 DEBUG: sys.platform='linux', git_executable='git'
2026-10-07 13:25:34.940 DEBUG: Popen(['git', 'cat-file', '--batch-check'], cwd=/workspace/-, stdin=<valid stream>, shell=False, universal_newlines=False)
2026-10-07 13:25:34.948 DEBUG: Current Git commit: a1fdfaf4edb219db567e15011eac2311d2e69df3
2026-10-07 13:25:35.227 INFO: Using foundation model /workspace/-/research/mace-v12-transfer/periodic_interface_v4/mace_periodic_v12_interface_energy/foundation_models/mace-mp-0b3-medium.model as initial checkpoint.
2026-10-07 13:25:35.227 WARNING: Using multiheads finetuning with a foundation model that is not a Materials Project model, need to provied a path to a pretraining file with --pt_train_file.
2026-10-07 13:25:35.227 INFO: ===========LOADING INPUT DATA===========
2026-10-07 13:25:35.227 INFO: Using heads: ['Default']
2026-10-07 13:25:35.227 INFO: Using the key specifications to parse data:
2026-10-07 13:25:35.227 INFO: Default: KeySpecification(info_keys={'energy': 'REF_energy', 'stress': 'REF_stress', 'virials': 'REF_virials', 'dipole': 'dipole', 'head': 'head', 'elec_temp': 'elec_temp', 'total_charge': 'total_charge', 'polarizability': 'polarizability', 'total_spin': 'total_spin'}, arrays_keys={'forces': 'REF_forces', 'charges': 'REF_charges'})
2026-10-07 13:25:35.227 INFO: =============    Processing head Default     ===========
2026-10-07 13:25:35.228 DEBUG: Loading training file: /workspace/-/research/mace-v12-transfer/periodic_interface_v4/mace_periodic_v17_interface_energy/data/train.extxyz
2026-10-07 13:25:35.271 INFO: Training set 1/1 [energy: 43, stress: 0, virials: 0, dipole components: 0, head: 43, elec_temp: 0, total_charge: 0, polarizability: 0, total_spin: 0, forces: 43, charges: 0]
2026-10-07 13:25:35.271 INFO: Total Training set [energy: 43, stress: 0, virials: 0, dipole components: 0, head: 43, elec_temp: 0, total_charge: 0, polarizability: 0, total_spin: 0, forces: 43, charges: 0]
2026-10-07 13:25:35.277 INFO: Validation set 1/1 [energy: 3, stress: 0, virials: 0, dipole components: 0, head: 3, elec_temp: 0, total_charge: 0, polarizability: 0, total_spin: 0, forces: 3, charges: 0]
2026-10-07 13:25:35.278 INFO: Total Validation set [energy: 3, stress: 0, virials: 0, dipole components: 0, head: 3, elec_temp: 0, total_charge: 0, polarizability: 0, total_spin: 0, forces: 3, charges: 0]
2026-10-07 13:25:35.278 INFO: Total number of configurations: train=43, valid=3, tests=[],
2026-10-07 13:25:35.278 WARNING: Validation batch size (10) is larger than the number of validation data (3)
2026-10-07 13:25:35.278 INFO: Atomic Numbers used: [np.int64(6), np.int64(14), np.int64(22), np.int64(47)]
2026-10-07 13:25:35.278 INFO: Estimating E0s from foundation model predictions on training data
2026-10-07 13:25:35.279 INFO: Estimating E0s using foundation model on 43 configurations with 4 elements
2026-10-07 13:25:49.531 INFO: ================================================================================
2026-10-07 13:25:49.532 INFO: E0 ESTIMATION FROM FOUNDATION MODEL
2026-10-07 13:25:49.532 INFO: ================================================================================
2026-10-07 13:25:49.532 INFO: Rank of system: 4/4
2026-10-07 13:25:49.533 INFO: Residuals: [117.38152738]
2026-10-07 13:25:49.533 INFO: Element 6: foundation E0 = -1.261735 eV, correction = 0.379445 eV, new E0 = -0.882290 eV
2026-10-07 13:25:49.534 INFO: Element 14: foundation E0 = -0.826390 eV, correction = 0.523698 eV, new E0 = -0.302692 eV
2026-10-07 13:25:49.534 INFO: Element 22: foundation E0 = -2.500549 eV, correction = 1.227226 eV, new E0 = -1.273323 eV
2026-10-07 13:25:49.534 INFO: Element 47: foundation E0 = -0.339546 eV, correction = 0.025935 eV, new E0 = -0.313611 eV
2026-10-07 13:25:49.534 INFO: ================================================================================
2026-10-07 13:25:49.534 INFO: FIT STATISTICS
2026-10-07 13:25:49.534 INFO: ================================================================================
2026-10-07 13:25:49.534 INFO: RMSE before E0 correction: 24.933012 eV
2026-10-07 13:25:49.534 INFO: RMSE after E0 correction:  1.652212 eV
2026-10-07 13:25:49.534 INFO: MAE before E0 correction:  21.818741 eV
2026-10-07 13:25:49.534 INFO: MAE after E0 correction:   1.062581 eV
2026-10-07 13:25:49.534 INFO: ================================================================================
2026-10-07 13:25:49.535 INFO: Atomic Energies used (z: eV) for head Default: {6: -0.8822904025910991, 14: -0.302691905431409, 22: -1.273322768994897, 47: -0.3136110031182735}
2026-10-07 13:25:49.535 INFO: Processing datasets for head 'Default'
2026-10-07 13:25:49.577 DEBUG: Successfully loaded dataset from ASE files: ['/workspace/-/research/mace-v12-transfer/periodic_interface_v4/mace_periodic_v17_interface_energy/data/train.extxyz']
2026-10-07 13:25:49.577 INFO: Combining 1 list datasets for head 'Default'
2026-10-07 13:25:49.580 DEBUG: Successfully loaded validation dataset from ASE files: ['/workspace/-/research/mace-v12-transfer/periodic_interface_v4/mace_periodic_v17_interface_energy/data/valid.extxyz']
2026-10-07 13:25:49.580 INFO: Combining 1 list datasets for head 'Default_valid'
2026-10-07 13:25:49.580 INFO: Combined validation datasets for Default
2026-10-07 13:25:49.580 INFO: Head 'Default' training dataset size: 43
2026-10-07 13:25:49.581 INFO: Computing average number of neighbors
2026-10-07 13:25:49.642 INFO: Average number of neighbors: 27.775842044134727
2026-10-07 13:25:49.642 INFO: During training the following quantities will be reported: energy, forces
2026-10-07 13:25:49.642 INFO: ===========MODEL DETAILS===========
2026-10-07 13:25:49.686 INFO: Loading FOUNDATION model
2026-10-07 13:25:49.687 INFO: Using filtered elements: [np.int64(6), np.int64(14), np.int64(22), np.int64(47)]
2026-10-07 13:25:49.687 INFO: Model configuration extracted from foundation model
2026-10-07 13:25:49.687 INFO: Using weighted loss function for fine-tuning
2026-10-07 13:25:49.687 INFO: Message passing with hidden irreps 128x0e+128x1o)
2026-10-07 13:25:49.687 INFO: 2 layers, each with correlation order: 3 (body order: 4) and spherical harmonics up to: l=3
2026-10-07 13:25:49.688 INFO: Radial cutoff: 6.0 A (total receptive field for each atom: 12.0 A)
2026-10-07 13:25:49.688 INFO: Distance transform for radial basis functions: Agnesi
2026-10-07 13:25:51.446 INFO: ===========OPTIMIZER INFORMATION===========
2026-10-07 13:25:51.446 INFO: Using ADAM as parameter optimizer
2026-10-07 13:25:51.446 INFO: Batch size: 1
2026-10-07 13:25:51.446 INFO: Number of gradient updates: 3440
2026-10-07 13:25:51.446 INFO: Learning rate: 0.0001, weight decay: 5e-07
2026-10-07 13:25:51.446 INFO: WeightedEnergyForcesLoss(energy_weight=100.000, forces_weight=1000.000)
2026-10-07 13:25:51.447 INFO: === Layer's learning rates ===
2026-10-07 13:25:51.447 INFO: Param group 0: lr = 0.0001
2026-10-07 13:25:51.447 INFO: Param group 1: lr = 0.0001
2026-10-07 13:25:51.447 INFO: Param group 2: lr = 0.0001
2026-10-07 13:25:51.447 INFO: Param group 3: lr = 0.0001
2026-10-07 13:25:51.447 INFO: Param group 4: lr = 0.0001
2026-10-07 13:25:51.448 INFO: Using gradient clipping with tolerance=10.000
2026-10-07 13:25:51.448 INFO: 
2026-10-07 13:25:51.448 INFO: ===========TRAINING===========
2026-10-07 13:25:51.448 INFO: Started training, reporting errors on validation set
2026-10-07 13:25:51.448 INFO: Loss metrics on validation set
2026-10-07 13:25:53.060 INFO: Initial: head: Default, loss=59.88348460, RMSE_E_per_atom=    9.81 meV, RMSE_F=  423.84 meV / A
2026-10-07 13:26:53.324 INFO: Epoch 0: head: Default, loss=33.53237545, RMSE_E_per_atom=   51.61 meV, RMSE_F=  316.75 meV / A
2026-10-07 13:26:53.327 DEBUG: Saving checkpoint: /workspace/-/research/mace-v12-transfer/periodic_interface_v4/mace_periodic_v17_interface_energy/training_provisional_01/checkpoints/MACE_periodic_v17_provisional_screening_run-45_epoch-0.pt
2026-10-07 13:27:56.302 INFO: Epoch 1: head: Default, loss=21.26513251, RMSE_E_per_atom=   53.97 meV, RMSE_F=  252.00 meV / A
2026-10-07 13:27:56.304 DEBUG: Deleting old checkpoint file: /workspace/-/research/mace-v12-transfer/periodic_interface_v4/mace_periodic_v17_interface_energy/training_provisional_01/checkpoints/MACE_periodic_v17_provisional_screening_run-45_epoch-0.pt
2026-10-07 13:27:56.306 DEBUG: Saving checkpoint: /workspace/-/research/mace-v12-transfer/periodic_interface_v4/mace_periodic_v17_interface_energy/training_provisional_01/checkpoints/MACE_periodic_v17_provisional_screening_run-45_epoch-1.pt
