cuequivariance or cuequivariance_torch is not available. Cuequivariance acceleration will be disabled.
{
  "mode": "v14",
  "models": {
    "v9": {
      "path": "mace_periodic_v9_forceonly/models/Ag_Ti_Si_C_MACE_periodic_v9_forceonly.model",
      "sha256": "7d183ed99dae18bfb0f84eaf33be38458671d18508ff59e9413b7339bd97db86"
    },
    "v10": {
      "path": "mace_periodic_v10_energycal/checkpoints/MACE_periodic_v10_energycal_run-43.model",
      "sha256": "8ed91080e4646e0e8021a6a5258c28075468d1cb2ef1c4a6f416cb3a89e04d85"
    },
    "v11": {
      "path": "mace_periodic_v11_energyfocus/checkpoints/MACE_periodic_v11_energyfocus_run-44.model",
      "sha256": "6ef4fdadddbad35eb340321bacfb60257c4f5c6e3195f45f662c0c5ce081be62"
    },
    "v12": {
      "path": "mace_periodic_v12_interface_energy/checkpoints/MACE_periodic_v12_interface_energy_run-45.model",
      "sha256": "011280f8d999a62c1603848226fd64c9592740d54e28d4d04f76e2035a034628"
    },
    "v13": {
      "path": "mace_periodic_v13_interface_energy/checkpoints/MACE_periodic_v13_interface_energy_run-45.model",
      "sha256": "85c16e3bf920418001377cf7049a788e201ac50811a4b2b639f40507b8bd5ae8"
    },
    "v14": {
      "path": "mace_periodic_v14_interface_energy/checkpoints/MACE_periodic_v14_interface_energy_run-45.model",
      "sha256": "41bd411355b034b0dab85dbdbda932ecfc394122cb67a2b51a550bd04207645d"
    }
  },
  "thresholds": {
    "energy_MAE_meV_atom": 10.0,
    "force_vector_RMSE_eV_A": 0.05,
    "separating_force_abs_error_eV_A": 0.1
  },
  "per_structure": [
    {
      "label": "Si_gap_2p9",
      "role": "frozen_test",
      "atoms": 20,
      "formula": "C4Ag6Si4Ti6",
      "energy_DFT_eV_cell": -121.81391452164168,
      "geometry_sha256": null,
      "v9_energy_abs_error_meV_atom": 24.06350686632095,
      "v9_force_vector_RMSE_eV_A": 0.027401986583804692,
      "v9_force_vector_max_error_eV_A": 0.04535138792876822,
      "v10_energy_abs_error_meV_atom": 9.796653297625113,
      "v10_force_vector_RMSE_eV_A": 0.03944152996481392,
      "v10_force_vector_max_error_eV_A": 0.06143476502515592,
      "v11_energy_abs_error_meV_atom": 0.8935821164108404,
      "v11_force_vector_RMSE_eV_A": 0.031672349223003445,
      "v11_force_vector_max_error_eV_A": 0.045896711386546024,
      "v12_energy_abs_error_meV_atom": 11.731673413577681,
      "v12_force_vector_RMSE_eV_A": 0.028150639214553807,
      "v12_force_vector_max_error_eV_A": 0.049086209515000444,
      "v13_energy_abs_error_meV_atom": 4.944012056773772,
      "v13_force_vector_RMSE_eV_A": 0.029353651826538537,
      "v13_force_vector_max_error_eV_A": 0.0516232049822791,
      "v14_energy_abs_error_meV_atom": 15.908389046676064,
      "v14_force_vector_RMSE_eV_A": 0.03309644551509923,
      "v14_force_vector_max_error_eV_A": 0.05702452058945146
    },
    {
      "label": "C_gap_2p9",
      "role": "frozen_test",
      "atoms": 20,
      "formula": "C6Ag6Si2Ti6",
      "energy_DFT_eV_cell": -116.69642852480848,
      "geometry_sha256": null,
      "v9_energy_abs_error_meV_atom": 25.75928400757803,
      "v9_force_vector_RMSE_eV_A": 0.08721766831053929,
      "v9_force_vector_max_error_eV_A": 0.15536275064785052,
      "v10_energy_abs_error_meV_atom": 110.89615451832557,
      "v10_force_vector_RMSE_eV_A": 0.08617056829419542,
      "v10_force_vector_max_error_eV_A": 0.14879043345466444,
      "v11_energy_abs_error_meV_atom": 16.761870394547174,
      "v11_force_vector_RMSE_eV_A": 0.08621252368508658,
      "v11_force_vector_max_error_eV_A": 0.14505469235698096,
      "v12_energy_abs_error_meV_atom": 7.710644176330561,
      "v12_force_vector_RMSE_eV_A": 0.08492388002577247,
      "v12_force_vector_max_error_eV_A": 0.13921829300151942,
      "v13_energy_abs_error_meV_atom": 12.886952273442631,
      "v13_force_vector_RMSE_eV_A": 0.09287605470514564,
      "v13_force_vector_max_error_eV_A": 0.14640019511825147,
      "v14_energy_abs_error_meV_atom": 3.5991870150667182,
      "v14_force_vector_RMSE_eV_A": 0.08263263663950214,
      "v14_force_vector_max_error_eV_A": 0.1365237383848474
    },
    {
      "label": "AgTi_2p70_periodic_PW_PBE_energy_force_holdout",
      "role": "frozen_test",
      "atoms": 49,
      "formula": "C11Ag28SiTi9",
      "energy_DFT_eV_cell": -177.01482096216398,
      "geometry_sha256": null,
      "v9_energy_abs_error_meV_atom": 75.47415381046977,
      "v9_force_vector_RMSE_eV_A": 0.07981883274890075,
      "v9_force_vector_max_error_eV_A": 0.22516606494357572,
      "v9_separating_force_eV_A": -0.8702963257204606,
      "v9_separating_force_abs_error_eV_A": 0.06787851723555227,
      "v10_energy_abs_error_meV_atom": 129.46012757261923,
      "v10_force_vector_RMSE_eV_A": 0.059269745552827956,
      "v10_force_vector_max_error_eV_A": 0.1930433521795337,
      "v10_separating_force_eV_A": -0.9015834066980027,
      "v10_separating_force_abs_error_eV_A": 0.09916559821309445,
      "v11_energy_abs_error_meV_atom": 14.275028397610278,
      "v11_force_vector_RMSE_eV_A": 0.06178961466219525,
      "v11_force_vector_max_error_eV_A": 0.16491053349086057,
      "v11_separating_force_eV_A": -0.947806872400527,
      "v11_separating_force_abs_error_eV_A": 0.14538906391561868,
      "v12_energy_abs_error_meV_atom": 2.483764438727692,
      "v12_force_vector_RMSE_eV_A": 0.05373490398032269,
      "v12_force_vector_max_error_eV_A": 0.12854703697567618,
      "v12_separating_force_eV_A": -0.7575518205064874,
      "v12_separating_force_abs_error_eV_A": 0.044865987978420896,
      "v13_energy_abs_error_meV_atom": 3.912245713786897,
      "v13_force_vector_RMSE_eV_A": 0.045398712489667974,
      "v13_force_vector_max_error_eV_A": 0.1510291264043953,
      "v13_separating_force_eV_A": -0.8315348859820572,
      "v13_separating_force_abs_error_eV_A": 0.02911707749714887,
      "v14_energy_abs_error_meV_atom": 1.028403460044065,
      "v14_force_vector_RMSE_eV_A": 0.03822725199382061,
      "v14_force_vector_max_error_eV_A": 0.10714063010334451,
      "v14_separating_force_eV_A": -0.7563002611238322,
      "v14_separating_force_abs_error_eV_A": 0.046117547361076094
    },
    {
      "label": "AgC_registry_holdout_v14_01",
      "role": "v14_holdout",
      "atoms": 48,
      "formula": "C13Ag2Si10Ti23",
      "energy_DFT_eV_cell": -260.01816898534383,
      "geometry_sha256": null,
      "v9_energy_abs_error_meV_atom": 495.39821139332815,
      "v9_force_vector_RMSE_eV_A": 0.18429073329313156,
      "v9_force_vector_max_error_eV_A": 0.3920561577261227,
      "v9_separating_force_eV_A": -1.9297942980046707,
      "v9_separating_force_abs_error_eV_A": 0.27173561528925894,
      "v10_energy_abs_error_meV_atom": 299.394287326385,
      "v10_force_vector_RMSE_eV_A": 0.18797775051997556,
      "v10_force_vector_max_error_eV_A": 0.38073566430970884,
      "v10_separating_force_eV_A": -2.031468519353125,
      "v10_separating_force_abs_error_eV_A": 0.17006139394080488,
      "v11_energy_abs_error_meV_atom": 203.26233186715115,
      "v11_force_vector_RMSE_eV_A": 0.18702914657361394,
      "v11_force_vector_max_error_eV_A": 0.3828358675765745,
      "v11_separating_force_eV_A": -2.011876061403893,
      "v11_separating_force_abs_error_eV_A": 0.18965385189003658,
      "v12_energy_abs_error_meV_atom": 5.32497668265582,
      "v12_force_vector_RMSE_eV_A": 0.2125937019378564,
      "v12_force_vector_max_error_eV_A": 0.4516566008629003,
      "v12_separating_force_eV_A": -2.2309674994456685,
      "v12_separating_force_abs_error_eV_A": 0.02943758615173886,
      "v13_energy_abs_error_meV_atom": 4.975015447020799,
      "v13_force_vector_RMSE_eV_A": 0.16330110605898415,
      "v13_force_vector_max_error_eV_A": 0.35127036702769293,
      "v13_separating_force_eV_A": -2.1715553458870307,
      "v13_separating_force_abs_error_eV_A": 0.029974567406898966,
      "v14_energy_abs_error_meV_atom": 3.2291336067160614,
      "v14_force_vector_RMSE_eV_A": 0.15366691264271926,
      "v14_force_vector_max_error_eV_A": 0.3241361382486233,
      "v14_separating_force_eV_A": -2.140135297821676,
      "v14_separating_force_abs_error_eV_A": 0.061394615472253555
    },
    {
      "label": "AgSi_registry_holdout_v14_01",
      "role": "v14_holdout",
      "atoms": 51,
      "formula": "C13Ag17Si8Ti13",
      "energy_DFT_eV_cell": -204.7159976568588,
      "geometry_sha256": null,
      "v9_energy_abs_error_meV_atom": 130.03767050912307,
      "v9_force_vector_RMSE_eV_A": 0.14446524908764896,
      "v9_force_vector_max_error_eV_A": 0.3023336714589918,
      "v9_separating_force_eV_A": 2.648669194631916,
      "v9_separating_force_abs_error_eV_A": 0.10476476398653212,
      "v10_energy_abs_error_meV_atom": 215.24084025037996,
      "v10_force_vector_RMSE_eV_A": 0.1467723203186044,
      "v10_force_vector_max_error_eV_A": 0.32878604496108776,
      "v10_separating_force_eV_A": 2.6400273846812654,
      "v10_separating_force_abs_error_eV_A": 0.09612295403588167,
      "v11_energy_abs_error_meV_atom": 108.41914234551292,
      "v11_force_vector_RMSE_eV_A": 0.1392825213524935,
      "v11_force_vector_max_error_eV_A": 0.2916065479980257,
      "v11_separating_force_eV_A": 2.6349674084788326,
      "v11_separating_force_abs_error_eV_A": 0.09106297783344885,
      "v12_energy_abs_error_meV_atom": 14.645490944420704,
      "v12_force_vector_RMSE_eV_A": 0.13656930888912747,
      "v12_force_vector_max_error_eV_A": 0.33367985636399305,
      "v12_separating_force_eV_A": 2.144531746316142,
      "v12_separating_force_abs_error_eV_A": 0.3993726843292418,
      "v13_energy_abs_error_meV_atom": 1.3424959954691342,
      "v13_force_vector_RMSE_eV_A": 0.11894083465754056,
      "v13_force_vector_max_error_eV_A": 0.2681292463330452,
      "v13_separating_force_eV_A": 2.287418122444672,
      "v13_separating_force_abs_error_eV_A": 0.25648630820071183,
      "v14_energy_abs_error_meV_atom": 4.622513754457277,
      "v14_force_vector_RMSE_eV_A": 0.11782112404658075,
      "v14_force_vector_max_error_eV_A": 0.2793022099707099,
      "v14_separating_force_eV_A": 2.309004367025408,
      "v14_separating_force_abs_error_eV_A": 0.23490006361997562
    },
    {
      "label": "AgTi_registry_holdout_v14_01",
      "role": "v14_holdout",
      "atoms": 49,
      "formula": "C11Ag28SiTi9",
      "energy_DFT_eV_cell": -178.17727370809675,
      "geometry_sha256": null,
      "v9_energy_abs_error_meV_atom": 79.41918037982,
      "v9_force_vector_RMSE_eV_A": 0.19662786109789937,
      "v9_force_vector_max_error_eV_A": 0.49826302793340843,
      "v9_separating_force_eV_A": 0.9297074757469197,
      "v9_separating_force_abs_error_eV_A": 0.17494888545598908,
      "v10_energy_abs_error_meV_atom": 125.36277371805402,
      "v10_force_vector_RMSE_eV_A": 0.1932895637508777,
      "v10_force_vector_max_error_eV_A": 0.5129188184068937,
      "v10_separating_force_eV_A": 0.8331289547042553,
      "v10_separating_force_abs_error_eV_A": 0.2715274064986535,
      "v11_energy_abs_error_meV_atom": 11.224117930656895,
      "v11_force_vector_RMSE_eV_A": 0.18144547784697793,
      "v11_force_vector_max_error_eV_A": 0.4748594005515905,
      "v11_separating_force_eV_A": 0.7973416777729851,
      "v11_separating_force_abs_error_eV_A": 0.30731468342992363,
      "v12_energy_abs_error_meV_atom": 3.75025790006937,
      "v12_force_vector_RMSE_eV_A": 0.1414352555602502,
      "v12_force_vector_max_error_eV_A": 0.36146284983493066,
      "v12_separating_force_eV_A": 0.9074335194491182,
      "v12_separating_force_abs_error_eV_A": 0.19722284175379057,
      "v13_energy_abs_error_meV_atom": 1.5364876561899823,
      "v13_force_vector_RMSE_eV_A": 0.1681462479025876,
      "v13_force_vector_max_error_eV_A": 0.48625344596481823,
      "v13_separating_force_eV_A": 0.8462155516142945,
      "v13_separating_force_abs_error_eV_A": 0.25844080958861426,
      "v14_energy_abs_error_meV_atom": 1.6801824191593462,
      "v14_force_vector_RMSE_eV_A": 0.14660567659012905,
      "v14_force_vector_max_error_eV_A": 0.465249726815918,
      "v14_separating_force_eV_A": 0.9120511537206927,
      "v14_separating_force_abs_error_eV_A": 0.1926052074822161
    }
  ],
  "by_interface": {
    "AgC": {
      "v9": {
        "structures": 1,
        "energy_MAE_meV_atom": 495.39821139332815,
        "force_vector_RMSE_eV_A": 0.18429073329313156,
        "separating_force_max_abs_error_eV_A": 0.27173561528925894,
        "screen_pass": false
      },
      "v10": {
        "structures": 1,
        "energy_MAE_meV_atom": 299.394287326385,
        "force_vector_RMSE_eV_A": 0.18797775051997556,
        "separating_force_max_abs_error_eV_A": 0.17006139394080488,
        "screen_pass": false
      },
      "v11": {
        "structures": 1,
        "energy_MAE_meV_atom": 203.26233186715115,
        "force_vector_RMSE_eV_A": 0.18702914657361394,
        "separating_force_max_abs_error_eV_A": 0.18965385189003658,
        "screen_pass": false
      },
      "v12": {
        "structures": 1,
        "energy_MAE_meV_atom": 5.32497668265582,
        "force_vector_RMSE_eV_A": 0.2125937019378564,
        "separating_force_max_abs_error_eV_A": 0.02943758615173886,
        "screen_pass": false
      },
      "v13": {
        "structures": 1,
        "energy_MAE_meV_atom": 4.975015447020799,
        "force_vector_RMSE_eV_A": 0.16330110605898415,
        "separating_force_max_abs_error_eV_A": 0.029974567406898966,
        "screen_pass": false
      },
      "v14": {
        "structures": 1,
        "energy_MAE_meV_atom": 3.2291336067160614,
        "force_vector_RMSE_eV_A": 0.15366691264271926,
        "separating_force_max_abs_error_eV_A": 0.061394615472253555,
        "screen_pass": false
      }
    },
    "AgSi": {
      "v9": {
        "structures": 1,
        "energy_MAE_meV_atom": 130.03767050912307,
        "force_vector_RMSE_eV_A": 0.14446524908764896,
        "separating_force_max_abs_error_eV_A": 0.10476476398653212,
        "screen_pass": false
      },
      "v10": {
        "structures": 1,
        "energy_MAE_meV_atom": 215.24084025037996,
        "force_vector_RMSE_eV_A": 0.1467723203186044,
        "separating_force_max_abs_error_eV_A": 0.09612295403588167,
        "screen_pass": false
      },
      "v11": {
        "structures": 1,
        "energy_MAE_meV_atom": 108.41914234551292,
        "force_vector_RMSE_eV_A": 0.1392825213524935,
        "separating_force_max_abs_error_eV_A": 0.09106297783344885,
        "screen_pass": false
      },
      "v12": {
        "structures": 1,
        "energy_MAE_meV_atom": 14.645490944420704,
        "force_vector_RMSE_eV_A": 0.13656930888912747,
        "separating_force_max_abs_error_eV_A": 0.3993726843292418,
        "screen_pass": false
      },
      "v13": {
        "structures": 1,
        "energy_MAE_meV_atom": 1.3424959954691342,
        "force_vector_RMSE_eV_A": 0.11894083465754056,
        "separating_force_max_abs_error_eV_A": 0.25648630820071183,
        "screen_pass": false
      },
      "v14": {
        "structures": 1,
        "energy_MAE_meV_atom": 4.622513754457277,
        "force_vector_RMSE_eV_A": 0.11782112404658075,
        "separating_force_max_abs_error_eV_A": 0.23490006361997562,
        "screen_pass": false
      }
    },
    "AgTi": {
      "v9": {
        "structures": 1,
        "energy_MAE_meV_atom": 79.41918037982,
        "force_vector_RMSE_eV_A": 0.19662786109789937,
        "separating_force_max_abs_error_eV_A": 0.17494888545598908,
        "screen_pass": false
      },
      "v10": {
        "structures": 1,
        "energy_MAE_meV_atom": 125.36277371805402,
        "force_vector_RMSE_eV_A": 0.1932895637508777,
        "separating_force_max_abs_error_eV_A": 0.2715274064986535,
        "screen_pass": false
      },
      "v11": {
        "structures": 1,
        "energy_MAE_meV_atom": 11.224117930656895,
        "force_vector_RMSE_eV_A": 0.18144547784697793,
        "separating_force_max_abs_error_eV_A": 0.30731468342992363,
        "screen_pass": false
      },
      "v12": {
        "structures": 1,
        "energy_MAE_meV_atom": 3.75025790006937,
        "force_vector_RMSE_eV_A": 0.1414352555602502,
        "separating_force_max_abs_error_eV_A": 0.19722284175379057,
        "screen_pass": false
      },
      "v13": {
        "structures": 1,
        "energy_MAE_meV_atom": 1.5364876561899823,
        "force_vector_RMSE_eV_A": 0.1681462479025876,
        "separating_force_max_abs_error_eV_A": 0.25844080958861426,
        "screen_pass": false
      },
      "v14": {
        "structures": 1,
        "energy_MAE_meV_atom": 1.6801824191593462,
        "force_vector_RMSE_eV_A": 0.14660567659012905,
        "separating_force_max_abs_error_eV_A": 0.1926052074822161,
        "screen_pass": false
      }
    }
  },
  "independent_geometry_holdouts": {
    "AgC_registry_holdout_v14_01": {
      "role": "v14_holdout",
      "path": "pbe_interface_v14_main_holdouts/calculations/AgC_registry_holdout_v14_01/AgC_registry_holdout_v14_01_PW_PBE.extxyz",
      "sha256": "dc5b9422a03aa11fa2d2d8c020f713efca0f72dc7a118af4f234c1069100e5fc"
    },
    "AgSi_registry_holdout_v14_01": {
      "role": "v14_holdout",
      "path": "pbe_interface_v14_main_holdouts/calculations/AgSi_registry_holdout_v14_01/AgSi_registry_holdout_v14_01_PW_PBE.extxyz",
      "sha256": "816a61c36f77c3a19644ebfc529028cb034e7f43163b9e5eecf8193243afdb4c"
    },
    "AgTi_registry_holdout_v14_01": {
      "role": "v14_holdout",
      "path": "pbe_interface_v14_parallel_acquisition/calculations/AgTi_registry_holdout_v14_01/AgTi_registry_holdout_v14_01_PW_PBE.extxyz",
      "sha256": "f42d47b951113be65ae0b4fdd784ebd550136b7e303b4955e77ad7fa82104264"
    }
  },
  "scope": "Single geometries from existing cluster motifs are narrow checks, not broad transfer validation for an extended periodic interface or thermal/liquid configurations.",
  "overall_status": "SCREEN_FAIL"
}
