2026-10-05 12:47:02.815 INFO: ===========VERIFYING SETTINGS===========
2026-10-05 12:47:02.815 INFO: MACE version: 0.3.16
2026-10-05 12:47:02.816 INFO: Using CPU
2026-10-05 12:47:03.304 INFO: Using foundation model /workspace/-/research/mace-v12-transfer/periodic_interface_v4/mace_periodic_v12_interface_energy/foundation_models/mace-mp-0b3-medium.model as initial checkpoint.
2026-10-05 12:47:03.305 WARNING: Using multiheads finetuning with a foundation model that is not a Materials Project model, need to provied a path to a pretraining file with --pt_train_file.
2026-10-05 12:47:03.305 INFO: ===========LOADING INPUT DATA===========
2026-10-05 12:47:03.305 INFO: Using heads: ['Default']
2026-10-05 12:47:03.305 INFO: Using the key specifications to parse data:
2026-10-05 12:47:03.305 INFO: Default: KeySpecification(info_keys={'energy': 'REF_energy', 'stress': 'REF_stress', 'virials': 'REF_virials', 'dipole': 'dipole', 'head': 'head', 'elec_temp': 'elec_temp', 'total_charge': 'total_charge', 'polarizability': 'polarizability', 'total_spin': 'total_spin'}, arrays_keys={'forces': 'REF_forces', 'charges': 'REF_charges'})
2026-10-05 12:47:03.305 INFO: =============    Processing head Default     ===========
2026-10-05 12:47:03.336 INFO: Training set 1/1 [energy: 29, stress: 0, virials: 0, dipole components: 0, head: 29, elec_temp: 0, total_charge: 0, polarizability: 0, total_spin: 0, forces: 29, charges: 0]
2026-10-05 12:47:03.337 INFO: Total Training set [energy: 29, stress: 0, virials: 0, dipole components: 0, head: 29, elec_temp: 0, total_charge: 0, polarizability: 0, total_spin: 0, forces: 29, charges: 0]
2026-10-05 12:47:03.340 INFO: Validation set 1/1 [energy: 2, stress: 0, virials: 0, dipole components: 0, head: 2, elec_temp: 0, total_charge: 0, polarizability: 0, total_spin: 0, forces: 2, charges: 0]
2026-10-05 12:47:03.340 INFO: Total Validation set [energy: 2, stress: 0, virials: 0, dipole components: 0, head: 2, elec_temp: 0, total_charge: 0, polarizability: 0, total_spin: 0, forces: 2, charges: 0]
2026-10-05 12:47:03.346 INFO: Test set 1/1 [energy: 3, stress: 0, virials: 0, dipole components: 0, head: 3, elec_temp: 0, total_charge: 0, polarizability: 0, total_spin: 0, forces: 3, charges: 0]
2026-10-05 12:47:03.347 INFO: Total Test set [energy: 3, stress: 0, virials: 0, dipole components: 0, head: 3, elec_temp: 0, total_charge: 0, polarizability: 0, total_spin: 0, forces: 3, charges: 0]
2026-10-05 12:47:03.347 INFO: Total number of configurations: train=29, valid=2, tests=[Si_gap_2p9_Default: 1, C_gap_2p9_Default: 1, AgTi_2p70_periodic_PW_PBE_energy_force_holdout_Default: 1],
2026-10-05 12:47:03.347 WARNING: Validation batch size (10) is larger than the number of validation data (2)
2026-10-05 12:47:03.347 INFO: Atomic Numbers used: [np.int64(6), np.int64(14), np.int64(22), np.int64(47)]
2026-10-05 12:47:03.347 INFO: Estimating E0s from foundation model predictions on training data
2026-10-05 12:47:03.348 INFO: Estimating E0s using foundation model on 29 configurations with 4 elements
2026-10-05 12:47:10.752 INFO: ================================================================================
2026-10-05 12:47:10.752 INFO: E0 ESTIMATION FROM FOUNDATION MODEL
2026-10-05 12:47:10.752 INFO: ================================================================================
2026-10-05 12:47:10.752 INFO: Rank of system: 4/4
2026-10-05 12:47:10.753 INFO: Residuals: [112.18566312]
2026-10-05 12:47:10.753 INFO: Element 6: foundation E0 = -1.261735 eV, correction = 0.363203 eV, new E0 = -0.898532 eV
2026-10-05 12:47:10.753 INFO: Element 14: foundation E0 = -0.826390 eV, correction = 0.495024 eV, new E0 = -0.331367 eV
2026-10-05 12:47:10.753 INFO: Element 22: foundation E0 = -2.500549 eV, correction = 1.238850 eV, new E0 = -1.261699 eV
2026-10-05 12:47:10.753 INFO: Element 47: foundation E0 = -0.339546 eV, correction = 0.017358 eV, new E0 = -0.322188 eV
2026-10-05 12:47:10.753 INFO: ================================================================================
2026-10-05 12:47:10.753 INFO: FIT STATISTICS
2026-10-05 12:47:10.753 INFO: ================================================================================
2026-10-05 12:47:10.753 INFO: RMSE before E0 correction: 23.113918 eV
2026-10-05 12:47:10.753 INFO: RMSE after E0 correction:  1.966843 eV
2026-10-05 12:47:10.753 INFO: MAE before E0 correction:  19.286076 eV
2026-10-05 12:47:10.753 INFO: MAE after E0 correction:   1.495010 eV
2026-10-05 12:47:10.753 INFO: ================================================================================
2026-10-05 12:47:10.754 INFO: Atomic Energies used (z: eV) for head Default: {6: -0.8985321014268424, 14: -0.3313665191309042, 22: -1.261698866715691, 47: -0.32218803170739696}
2026-10-05 12:47:10.754 INFO: Processing datasets for head 'Default'
2026-10-05 12:47:10.783 INFO: Combining 1 list datasets for head 'Default'
2026-10-05 12:47:10.786 INFO: Combining 1 list datasets for head 'Default_valid'
2026-10-05 12:47:10.786 INFO: Combined validation datasets for Default
2026-10-05 12:47:10.786 INFO: Head 'Default' training dataset size: 29
2026-10-05 12:47:10.786 INFO: Computing average number of neighbors
2026-10-05 12:47:10.819 INFO: Average number of neighbors: 31.6147859922179
2026-10-05 12:47:10.819 INFO: During training the following quantities will be reported: energy, forces
2026-10-05 12:47:10.819 INFO: ===========MODEL DETAILS===========
2026-10-05 12:47:10.849 INFO: Loading FOUNDATION model
2026-10-05 12:47:10.849 INFO: Using filtered elements: [np.int64(6), np.int64(14), np.int64(22), np.int64(47)]
2026-10-05 12:47:10.849 INFO: Model configuration extracted from foundation model
2026-10-05 12:47:10.850 INFO: Using weighted loss function for fine-tuning
2026-10-05 12:47:10.850 INFO: Message passing with hidden irreps 128x0e+128x1o)
2026-10-05 12:47:10.850 INFO: 2 layers, each with correlation order: 3 (body order: 4) and spherical harmonics up to: l=3
2026-10-05 12:47:10.850 INFO: Radial cutoff: 6.0 A (total receptive field for each atom: 12.0 A)
2026-10-05 12:47:10.850 INFO: Distance transform for radial basis functions: Agnesi
2026-10-05 12:47:12.394 INFO: ===========OPTIMIZER INFORMATION===========
2026-10-05 12:47:12.394 INFO: Using ADAM as parameter optimizer
2026-10-05 12:47:12.394 INFO: Batch size: 1
2026-10-05 12:47:12.394 INFO: Number of gradient updates: 2320
2026-10-05 12:47:12.394 INFO: Learning rate: 0.0001, weight decay: 5e-07
2026-10-05 12:47:12.394 INFO: WeightedEnergyForcesLoss(energy_weight=100.000, forces_weight=1000.000)
2026-10-05 12:47:12.395 INFO: === Layer's learning rates ===
2026-10-05 12:47:12.396 INFO: Param group 0: lr = 0.0001
2026-10-05 12:47:12.396 INFO: Param group 1: lr = 0.0001
2026-10-05 12:47:12.396 INFO: Param group 2: lr = 0.0001
2026-10-05 12:47:12.396 INFO: Param group 3: lr = 0.0001
2026-10-05 12:47:12.396 INFO: Param group 4: lr = 0.0001
2026-10-05 12:47:12.397 INFO: Using gradient clipping with tolerance=10.000
2026-10-05 12:47:12.397 INFO: 
2026-10-05 12:47:12.397 INFO: ===========TRAINING===========
2026-10-05 12:47:12.397 INFO: Started training, reporting errors on validation set
2026-10-05 12:47:12.397 INFO: Loss metrics on validation set
2026-10-05 12:47:13.937 INFO: Initial: head: Default, loss=34.81343132, RMSE_E_per_atom=  102.62 meV, RMSE_F=  261.87 meV / A
2026-10-05 12:47:58.115 INFO: Epoch 0: head: Default, loss=14.25896373, RMSE_E_per_atom=   77.53 meV, RMSE_F=  167.08 meV / A
2026-10-05 12:48:40.585 INFO: Epoch 1: head: Default, loss=7.08000647, RMSE_E_per_atom=   59.85 meV, RMSE_F=  117.48 meV / A
2026-10-05 12:49:15.098 INFO: Epoch 2: head: Default, loss=4.18282662, RMSE_E_per_atom=   52.51 meV, RMSE_F=   89.94 meV / A
2026-10-05 12:49:55.169 INFO: Epoch 3: head: Default, loss=2.65516397, RMSE_E_per_atom=   40.88 meV, RMSE_F=   71.72 meV / A
2026-10-05 12:50:26.591 INFO: Epoch 4: head: Default, loss=2.18273145, RMSE_E_per_atom=   39.47 meV, RMSE_F=   64.88 meV / A
2026-10-05 12:51:10.344 INFO: Epoch 5: head: Default, loss=2.18454185, RMSE_E_per_atom=   13.39 meV, RMSE_F=   65.96 meV / A
2026-10-05 12:51:42.465 INFO: Epoch 6: head: Default, loss=2.17300736, RMSE_E_per_atom=   24.08 meV, RMSE_F=   65.48 meV / A
2026-10-05 12:52:36.905 INFO: Epoch 7: head: Default, loss=1.65999464, RMSE_E_per_atom=    8.46 meV, RMSE_F=   57.56 meV / A
2026-10-05 12:53:11.743 INFO: Epoch 8: head: Default, loss=1.44053010, RMSE_E_per_atom=    7.51 meV, RMSE_F=   53.62 meV / A
2026-10-05 12:53:46.912 INFO: Epoch 9: head: Default, loss=1.76699450, RMSE_E_per_atom=    5.96 meV, RMSE_F=   59.42 meV / A
2026-10-05 12:54:23.588 INFO: Epoch 10: head: Default, loss=1.35874160, RMSE_E_per_atom=    6.52 meV, RMSE_F=   52.09 meV / A
2026-10-05 12:54:56.401 INFO: Epoch 11: head: Default, loss=1.32010155, RMSE_E_per_atom=    4.07 meV, RMSE_F=   51.37 meV / A
2026-10-05 12:55:32.685 INFO: Epoch 12: head: Default, loss=2.22341404, RMSE_E_per_atom=    5.84 meV, RMSE_F=   66.66 meV / A
2026-10-05 12:56:05.642 INFO: Epoch 13: head: Default, loss=1.47702470, RMSE_E_per_atom=    3.65 meV, RMSE_F=   54.34 meV / A
2026-10-05 12:56:38.762 INFO: Epoch 14: head: Default, loss=1.13749585, RMSE_E_per_atom=    2.81 meV, RMSE_F=   47.69 meV / A
2026-10-05 12:57:24.204 INFO: Epoch 15: head: Default, loss=1.35540735, RMSE_E_per_atom=   10.76 meV, RMSE_F=   51.95 meV / A
2026-10-05 12:57:56.899 INFO: Epoch 16: head: Default, loss=1.52287415, RMSE_E_per_atom=    4.33 meV, RMSE_F=   55.17 meV / A
2026-10-05 12:58:34.331 INFO: Epoch 17: head: Default, loss=1.11648800, RMSE_E_per_atom=    3.64 meV, RMSE_F=   47.24 meV / A
2026-10-05 12:59:11.647 INFO: Epoch 18: head: Default, loss=1.40264039, RMSE_E_per_atom=   10.10 meV, RMSE_F=   52.87 meV / A
2026-10-05 12:59:55.550 INFO: Epoch 19: head: Default, loss=1.06577452, RMSE_E_per_atom=    5.02 meV, RMSE_F=   46.14 meV / A
2026-10-05 13:00:25.962 INFO: Epoch 20: head: Default, loss=1.04963043, RMSE_E_per_atom=    4.98 meV, RMSE_F=   45.79 meV / A
2026-10-05 13:00:54.913 INFO: Epoch 21: head: Default, loss=1.09634217, RMSE_E_per_atom=    7.03 meV, RMSE_F=   46.77 meV / A
2026-10-05 13:01:29.192 INFO: Epoch 22: head: Default, loss=1.13076887, RMSE_E_per_atom=   11.40 meV, RMSE_F=   47.42 meV / A
2026-10-05 13:02:07.539 INFO: Epoch 23: head: Default, loss=1.10378288, RMSE_E_per_atom=    3.22 meV, RMSE_F=   46.97 meV / A
2026-10-05 13:02:40.345 INFO: Epoch 24: head: Default, loss=1.04063261, RMSE_E_per_atom=    7.12 meV, RMSE_F=   45.57 meV / A
2026-10-05 13:03:09.324 INFO: Epoch 25: head: Default, loss=1.21939337, RMSE_E_per_atom=    2.62 meV, RMSE_F=   49.38 meV / A
2026-10-05 13:03:45.941 INFO: Epoch 26: head: Default, loss=1.52667354, RMSE_E_per_atom=    4.46 meV, RMSE_F=   55.24 meV / A
2026-10-05 13:04:37.492 INFO: Epoch 27: head: Default, loss=1.52123858, RMSE_E_per_atom=    9.49 meV, RMSE_F=   55.08 meV / A
2026-10-05 13:05:27.730 INFO: Epoch 28: head: Default, loss=1.71249421, RMSE_E_per_atom=    5.97 meV, RMSE_F=   58.49 meV / A
2026-10-05 13:06:12.335 INFO: Epoch 29: head: Default, loss=1.00688901, RMSE_E_per_atom=    5.46 meV, RMSE_F=   44.84 meV / A
2026-10-05 13:06:54.736 INFO: Epoch 30: head: Default, loss=1.19213533, RMSE_E_per_atom=    8.49 meV, RMSE_F=   48.76 meV / A
2026-10-05 13:07:50.014 INFO: Epoch 31: head: Default, loss=1.06956852, RMSE_E_per_atom=    4.16 meV, RMSE_F=   46.23 meV / A
2026-10-05 13:08:34.582 INFO: Epoch 32: head: Default, loss=1.04035974, RMSE_E_per_atom=    4.51 meV, RMSE_F=   45.59 meV / A
2026-10-05 13:09:12.326 INFO: Epoch 33: head: Default, loss=1.08191170, RMSE_E_per_atom=    2.78 meV, RMSE_F=   46.51 meV / A
2026-10-05 13:10:06.376 INFO: Epoch 34: head: Default, loss=0.94405832, RMSE_E_per_atom=    4.80 meV, RMSE_F=   43.43 meV / A
2026-10-05 13:11:01.913 INFO: Epoch 35: head: Default, loss=0.94243002, RMSE_E_per_atom=    6.08 meV, RMSE_F=   43.37 meV / A
2026-10-05 13:11:41.270 INFO: Epoch 36: head: Default, loss=1.04771915, RMSE_E_per_atom=    3.64 meV, RMSE_F=   45.76 meV / A
2026-10-05 13:12:33.560 INFO: Epoch 37: head: Default, loss=1.00414366, RMSE_E_per_atom=    1.38 meV, RMSE_F=   44.81 meV / A
2026-10-05 13:13:17.215 INFO: Epoch 38: head: Default, loss=0.93542565, RMSE_E_per_atom=   11.08 meV, RMSE_F=   43.11 meV / A
2026-10-05 13:13:59.442 INFO: Epoch 39: head: Default, loss=1.52314744, RMSE_E_per_atom=    2.20 meV, RMSE_F=   55.19 meV / A
2026-10-05 13:14:41.428 INFO: Epoch 40: head: Default, loss=1.02094182, RMSE_E_per_atom=    4.14 meV, RMSE_F=   45.17 meV / A
2026-10-05 13:15:20.093 INFO: Epoch 41: head: Default, loss=1.21014592, RMSE_E_per_atom=    3.40 meV, RMSE_F=   49.18 meV / A
2026-10-05 13:16:13.906 INFO: Epoch 42: head: Default, loss=1.02575355, RMSE_E_per_atom=    4.75 meV, RMSE_F=   45.27 meV / A
2026-10-05 13:16:58.883 INFO: Epoch 43: head: Default, loss=1.07015022, RMSE_E_per_atom=    1.71 meV, RMSE_F=   46.26 meV / A
2026-10-05 13:18:07.097 INFO: Epoch 44: head: Default, loss=0.87061848, RMSE_E_per_atom=    3.04 meV, RMSE_F=   41.72 meV / A
2026-10-05 13:18:51.817 INFO: Epoch 45: head: Default, loss=0.86190032, RMSE_E_per_atom=    6.32 meV, RMSE_F=   41.47 meV / A
2026-10-05 13:19:39.574 INFO: Epoch 46: head: Default, loss=1.14219292, RMSE_E_per_atom=    9.77 meV, RMSE_F=   47.70 meV / A
2026-10-05 13:20:18.243 INFO: Epoch 47: head: Default, loss=0.80458319, RMSE_E_per_atom=    9.64 meV, RMSE_F=   40.00 meV / A
2026-10-05 13:21:05.224 INFO: Epoch 48: head: Default, loss=0.99754183, RMSE_E_per_atom=    5.07 meV, RMSE_F=   44.64 meV / A
2026-10-05 13:22:00.951 INFO: Epoch 49: head: Default, loss=1.54663236, RMSE_E_per_atom=    4.56 meV, RMSE_F=   55.60 meV / A
2026-10-05 13:22:47.436 INFO: Epoch 50: head: Default, loss=1.52015491, RMSE_E_per_atom=    6.87 meV, RMSE_F=   55.10 meV / A
2026-10-05 13:23:41.053 INFO: Epoch 51: head: Default, loss=1.08504733, RMSE_E_per_atom=    5.80 meV, RMSE_F=   46.55 meV / A
2026-10-05 13:24:24.224 INFO: Epoch 52: head: Default, loss=0.79625199, RMSE_E_per_atom=    4.50 meV, RMSE_F=   39.88 meV / A
2026-10-05 13:25:07.352 INFO: Epoch 53: head: Default, loss=1.59705036, RMSE_E_per_atom=   10.51 meV, RMSE_F=   56.42 meV / A
2026-10-05 13:25:46.148 INFO: Epoch 54: head: Default, loss=1.01964031, RMSE_E_per_atom=    7.12 meV, RMSE_F=   45.10 meV / A
2026-10-05 13:26:19.278 INFO: Epoch 55: head: Default, loss=0.89524901, RMSE_E_per_atom=    3.78 meV, RMSE_F=   42.30 meV / A
2026-10-05 13:27:03.555 INFO: Epoch 56: head: Default, loss=0.90155238, RMSE_E_per_atom=    3.79 meV, RMSE_F=   42.45 meV / A
2026-10-05 13:27:50.490 INFO: Epoch 57: head: Default, loss=0.94485924, RMSE_E_per_atom=    3.09 meV, RMSE_F=   43.46 meV / A
2026-10-05 13:28:40.407 INFO: Epoch 58: head: Default, loss=1.06631935, RMSE_E_per_atom=    5.99 meV, RMSE_F=   46.14 meV / A
2026-10-05 13:29:40.814 INFO: Epoch 59: head: Default, loss=0.78555993, RMSE_E_per_atom=    2.37 meV, RMSE_F=   39.63 meV / A
2026-10-05 13:30:21.302 INFO: Epoch 60: head: Default, loss=1.37888150, RMSE_E_per_atom=    7.73 meV, RMSE_F=   52.46 meV / A
2026-10-05 13:30:59.374 INFO: Epoch 61: head: Default, loss=0.93319917, RMSE_E_per_atom=   12.31 meV, RMSE_F=   43.03 meV / A
2026-10-05 13:31:32.012 INFO: Epoch 62: head: Default, loss=0.81540170, RMSE_E_per_atom=   15.34 meV, RMSE_F=   40.09 meV / A
2026-10-05 13:32:04.633 INFO: Epoch 63: head: Default, loss=1.11599358, RMSE_E_per_atom=    4.73 meV, RMSE_F=   47.22 meV / A
2026-10-05 13:32:39.835 INFO: Epoch 64: head: Default, loss=0.99163809, RMSE_E_per_atom=    5.48 meV, RMSE_F=   44.50 meV / A
2026-10-05 13:33:15.979 INFO: Epoch 65: head: Default, loss=1.50277678, RMSE_E_per_atom=    6.03 meV, RMSE_F=   54.79 meV / A
2026-10-05 13:34:02.274 INFO: Epoch 66: head: Default, loss=0.93248032, RMSE_E_per_atom=    3.65 meV, RMSE_F=   43.17 meV / A
2026-10-05 13:34:36.824 INFO: Epoch 67: head: Default, loss=2.27511048, RMSE_E_per_atom=    4.85 meV, RMSE_F=   67.44 meV / A
2026-10-05 13:35:07.806 INFO: Epoch 68: head: Default, loss=0.82613018, RMSE_E_per_atom=    5.70 meV, RMSE_F=   40.61 meV / A
2026-10-05 13:35:54.535 INFO: Epoch 69: head: Default, loss=0.89947837, RMSE_E_per_atom=   12.08 meV, RMSE_F=   42.24 meV / A
2026-10-05 13:36:37.108 INFO: Epoch 70: head: Default, loss=0.89601584, RMSE_E_per_atom=    2.53 meV, RMSE_F=   42.32 meV / A
2026-10-05 13:37:15.783 INFO: Epoch 71: head: Default, loss=0.89377347, RMSE_E_per_atom=    2.26 meV, RMSE_F=   42.27 meV / A
2026-10-05 13:38:05.490 INFO: Epoch 72: head: Default, loss=0.89762349, RMSE_E_per_atom=    2.36 meV, RMSE_F=   42.36 meV / A
2026-10-05 13:38:58.362 INFO: Epoch 73: head: Default, loss=1.07147091, RMSE_E_per_atom=    4.98 meV, RMSE_F=   46.27 meV / A
2026-10-05 13:39:32.136 INFO: Epoch 74: head: Default, loss=0.75365174, RMSE_E_per_atom=    2.57 meV, RMSE_F=   38.82 meV / A
2026-10-05 13:40:17.471 INFO: Epoch 75: head: Default, loss=0.84253483, RMSE_E_per_atom=    8.67 meV, RMSE_F=   40.96 meV / A
2026-10-05 13:40:54.128 INFO: Epoch 76: head: Default, loss=0.93288272, RMSE_E_per_atom=    6.89 meV, RMSE_F=   43.14 meV / A
2026-10-05 13:41:34.887 INFO: Epoch 77: head: Default, loss=0.89994793, RMSE_E_per_atom=    4.89 meV, RMSE_F=   42.40 meV / A
2026-10-05 13:42:13.227 INFO: Epoch 78: head: Default, loss=0.94073812, RMSE_E_per_atom=    6.26 meV, RMSE_F=   43.33 meV / A
2026-10-05 13:42:51.604 INFO: Epoch 79: head: Default, loss=0.83065394, RMSE_E_per_atom=    4.93 meV, RMSE_F=   40.73 meV / A
2026-10-05 13:42:51.605 INFO: Training complete
2026-10-05 13:42:51.605 INFO: 
2026-10-05 13:42:51.606 INFO: ===========RESULTS===========
2026-10-05 13:42:51.623 INFO: Loading checkpoint: /workspace/-/research/mace-v12-transfer/periodic_interface_v4/mace_periodic_v15_interface_energy/training_01/checkpoints/MACE_periodic_v15_interface_energy_run-45_epoch-74.pt
2026-10-05 13:42:51.747 INFO: Loaded Stage one model from epoch 74 for evaluation
2026-10-05 13:42:51.748 INFO: Saving model to /workspace/-/research/mace-v12-transfer/periodic_interface_v4/mace_periodic_v15_interface_energy/training_01/checkpoints/MACE_periodic_v15_interface_energy_run-45.model
2026-10-05 13:42:51.979 INFO: Compiling model, saving metadata to /workspace/-/research/mace-v12-transfer/periodic_interface_v4/mace_periodic_v15_interface_energy/training_01/models/MACE_periodic_v15_interface_energy_compiled.model
2026-10-05 13:42:52.760 INFO: Computing metrics for training, validation, and test sets
2026-10-05 13:42:52.761 INFO: Skipping evaluation for heads: ['pt_head']
2026-10-05 13:42:52.762 INFO: Evaluating train_Default ...
2026-10-05 13:42:59.956 INFO: Evaluating valid_Default ...
2026-10-05 13:43:00.454 INFO: Error-table on TRAIN and VALID:
+---------------+---------------------+------------------+-------------------+
|  config_type  | RMSE E / meV / atom | RMSE F / meV / A | relative F RMSE % |
+---------------+---------------------+------------------+-------------------+
| train_Default |            3.5      |         27.9     |          2.47     |
| valid_Default |            2.6      |         38.8     |          6.68     |
+---------------+---------------------+------------------+-------------------+
2026-10-05 13:43:00.454 INFO: Evaluating AgTi_2p70_periodic_PW_PBE_energy_force_holdout_Default ...
2026-10-05 13:43:00.709 INFO: Evaluating C_gap_2p9_Default ...
2026-10-05 13:43:00.904 INFO: Evaluating Si_gap_2p9_Default ...
2026-10-05 13:43:01.153 INFO: Error-table on TEST:
+--------------------------------------------------------+---------------------+------------------+-------------------+
|                      config_type                       | RMSE E / meV / atom | RMSE F / meV / A | relative F RMSE % |
+--------------------------------------------------------+---------------------+------------------+-------------------+
| AgTi_2p70_periodic_PW_PBE_energy_force_holdout_Default |            0.0      |         26.6     |          2.45     |
|                   C_gap_2p9_Default                    |            8.7      |         49.2     |          7.21     |
|                   Si_gap_2p9_Default                   |            6.5      |         16.4     |          6.37     |
+--------------------------------------------------------+---------------------+------------------+-------------------+
2026-10-05 13:43:10.827 INFO: Done
