{
  "model_version": "MACE v12 AgSi/AgC PW-PBE energy additions",
  "parent_v11_data": "/workspace/-/research/mace-v12-transfer/periodic_interface_v4/mace_periodic_v11_energyfocus/data",
  "split_sizes": {
    "train": 23,
    "valid": 2,
    "test": 3
  },
  "energy_label_counts": {
    "train": 19,
    "valid": 2,
    "test": 3
  },
  "force_label_counts": {
    "train": 23,
    "valid": 2,
    "test": 3
  },
  "energy_composition_matrix": {
    "elements": [
      "Ag",
      "C",
      "Si",
      "Ti"
    ],
    "rank": 4,
    "singular_values": [
      74.62778598090884,
      31.028151504955026,
      9.984810027343155,
      7.762148059080826
    ]
  },
  "replaced_lcao_force_frames": [
    {
      "old_config_replaced": "AgSi_2p2A_LCAO",
      "new_config_type": "AgSi_d2p2_periodic_PW_PBE_energy_force",
      "label": "AgSi_d2p2",
      "summary": "/workspace/-/research/mace-v12-transfer/periodic_interface_v4/pbe_interface_energy_additions_v12/calculations/AgSi_d2p2/summary.json",
      "extxyz_sha256": "6f537e628145510f8ac02688568462d16cbbe6908b3c7d2a00f8a13232de0269",
      "energy_eV_cell": -206.96630897705558,
      "atoms": 51,
      "formula": "C13Ag17Si8Ti13"
    },
    {
      "old_config_replaced": "AgSi_2p8A_LCAO",
      "new_config_type": "AgSi_d2p8_periodic_PW_PBE_energy_force",
      "label": "AgSi_d2p8",
      "summary": "/workspace/-/research/mace-v12-transfer/periodic_interface_v4/pbe_interface_energy_additions_v12/calculations/AgSi_d2p8/summary.json",
      "extxyz_sha256": "150ee2efd506361d19bcd6d85f12ba6addbd0ef37741b7147b966b312351fe7e",
      "energy_eV_cell": -207.4892339444743,
      "atoms": 51,
      "formula": "C13Ag17Si8Ti13"
    },
    {
      "old_config_replaced": "AgC_secondary_2.0A_LCAO",
      "new_config_type": "AgC_d2p0_periodic_PW_PBE_energy_force",
      "label": "AgC_d2p0",
      "summary": "/workspace/-/research/mace-v12-transfer/periodic_interface_v4/pbe_interface_energy_additions_v12/calculations/AgC_d2p0/summary.json",
      "extxyz_sha256": "838320b53e7378a89ef8261991177b5c72e7fa75ced91aa5f89a5d4eeefd616d",
      "energy_eV_cell": -259.15835431517127,
      "atoms": 48,
      "formula": "C13Ag2Si10Ti23"
    },
    {
      "old_config_replaced": "AgC_secondary_2.4A_LCAO",
      "new_config_type": "AgC_d2p4_periodic_PW_PBE_energy_force",
      "label": "AgC_d2p4",
      "summary": "/workspace/-/research/mace-v12-transfer/periodic_interface_v4/pbe_interface_energy_additions_v12/calculations/AgC_d2p4/summary.json",
      "extxyz_sha256": "a469ea52ca2926d03d0881c6af6cc779ce81ada7fe4fc95abe7b0c4e0522a01f",
      "energy_eV_cell": -258.9332034547212,
      "atoms": 48,
      "formula": "C13Ag2Si10Ti23"
    }
  ],
  "holdouts_preserved": [
    "v11 valid and test splits byte/structure-preserved",
    "external AgSi 2.4541 A PW-PBE",
    "external AgC 2.2026 A PW-PBE",
    "AgTi 2.70 A test"
  ],
  "source_hashes": {
    "/workspace/-/research/mace-v12-transfer/periodic_interface_v4/mace_periodic_v11_energyfocus/data/train.extxyz": "b40b72c0d3d1a2c5404f509ce8cc446965b36199b95b98da8d93ab461c500dab",
    "/workspace/-/research/mace-v12-transfer/periodic_interface_v4/mace_periodic_v11_energyfocus/data/valid.extxyz": "a5360480a207b2b61f1a71935778ce1c89272faf417f5dc70d326d5570b7a106",
    "/workspace/-/research/mace-v12-transfer/periodic_interface_v4/mace_periodic_v11_energyfocus/data/test.extxyz": "28d3ddc63332361c014b42bfb54c87eb06d0945ede734b965229ceea46c5f60e"
  },
  "caveat": "AgSi and AgC external structures are single midpoint/interface checks; they are not liquid or production-scale validation.",
  "output_sha256": {
    "train.extxyz": "5b4a073f0abb4da823d2809635ae5521486c4689831e8696b6697f422135a391",
    "valid.extxyz": "a5360480a207b2b61f1a71935778ce1c89272faf417f5dc70d326d5570b7a106",
    "test.extxyz": "28d3ddc63332361c014b42bfb54c87eb06d0945ede734b965229ceea46c5f60e"
  }
}
