/workspace/.venvs/mace-v12/lib/python3.12/site-packages/e3nn/o3/_wigner.py:10: FutureWarning: You are using `torch.load` with `weights_only=False` (the current default value), which uses the default pickle module implicitly. It is possible to construct malicious pickle data which will execute arbitrary code during unpickling (See https://github.com/pytorch/pytorch/blob/main/SECURITY.md#untrusted-models for more details). In a future release, the default value for `weights_only` will be flipped to `True`. This limits the functions that could be executed during unpickling. Arbitrary objects will no longer be allowed to be loaded via this mode unless they are explicitly allowlisted by the user via `torch.serialization.add_safe_globals`. We recommend you start setting `weights_only=True` for any use case where you don't have full control of the loaded file. Please open an issue on GitHub for any issues related to this experimental feature.
  _Jd, _W3j_flat, _W3j_indices = torch.load(os.path.join(os.path.dirname(__file__), 'constants.pt'))
cuequivariance or cuequivariance_torch is not available. Cuequivariance acceleration will be disabled.
2026-10-04 13:32:07.866 INFO: ===========VERIFYING SETTINGS===========
2026-10-04 13:32:07.866 INFO: MACE version: 0.3.16
2026-10-04 13:32:07.866 INFO: Using CPU
/workspace/.venvs/mace-v12/lib/python3.12/site-packages/mace/cli/run_train.py:181: FutureWarning: You are using `torch.load` with `weights_only=False` (the current default value), which uses the default pickle module implicitly. It is possible to construct malicious pickle data which will execute arbitrary code during unpickling (See https://github.com/pytorch/pytorch/blob/main/SECURITY.md#untrusted-models for more details). In a future release, the default value for `weights_only` will be flipped to `True`. This limits the functions that could be executed during unpickling. Arbitrary objects will no longer be allowed to be loaded via this mode unless they are explicitly allowlisted by the user via `torch.serialization.add_safe_globals`. We recommend you start setting `weights_only=True` for any use case where you don't have full control of the loaded file. Please open an issue on GitHub for any issues related to this experimental feature.
  model_foundation = torch.load(
2026-10-04 13:32:08.347 INFO: Using foundation model /workspace/-/research/mace-v12-transfer/periodic_interface_v4/mace_periodic_v13_interface_energy/../mace_periodic_v12_interface_energy/foundation_models/mace-mp-0b3-medium.model as initial checkpoint.
2026-10-04 13:32:08.347 WARNING: Using multiheads finetuning with a foundation model that is not a Materials Project model, need to provied a path to a pretraining file with --pt_train_file.
2026-10-04 13:32:08.348 INFO: ===========LOADING INPUT DATA===========
2026-10-04 13:32:08.348 INFO: Using heads: ['Default']
2026-10-04 13:32:08.348 INFO: Using the key specifications to parse data:
2026-10-04 13:32:08.348 INFO: Default: KeySpecification(info_keys={'energy': 'REF_energy', 'stress': 'REF_stress', 'virials': 'REF_virials', 'dipole': 'dipole', 'head': 'head', 'elec_temp': 'elec_temp', 'total_charge': 'total_charge', 'polarizability': 'polarizability', 'total_spin': 'total_spin'}, arrays_keys={'forces': 'REF_forces', 'charges': 'REF_charges'})
2026-10-04 13:32:08.348 INFO: =============    Processing head Default     ===========
2026-10-04 13:32:08.376 INFO: Training set 1/1 [energy: 22, stress: 0, virials: 0, dipole components: 0, head: 26, elec_temp: 0, total_charge: 0, polarizability: 0, total_spin: 0, forces: 26, charges: 0]
2026-10-04 13:32:08.376 INFO: Total Training set [energy: 22, stress: 0, virials: 0, dipole components: 0, head: 26, elec_temp: 0, total_charge: 0, polarizability: 0, total_spin: 0, forces: 26, charges: 0]
2026-10-04 13:32:08.380 INFO: Validation set 1/1 [energy: 2, stress: 0, virials: 0, dipole components: 0, head: 2, elec_temp: 0, total_charge: 0, polarizability: 0, total_spin: 0, forces: 2, charges: 0]
2026-10-04 13:32:08.380 INFO: Total Validation set [energy: 2, stress: 0, virials: 0, dipole components: 0, head: 2, elec_temp: 0, total_charge: 0, polarizability: 0, total_spin: 0, forces: 2, charges: 0]
2026-10-04 13:32:08.385 INFO: Test set 1/1 [energy: 3, stress: 0, virials: 0, dipole components: 0, head: 3, elec_temp: 0, total_charge: 0, polarizability: 0, total_spin: 0, forces: 3, charges: 0]
2026-10-04 13:32:08.386 INFO: Total Test set [energy: 3, stress: 0, virials: 0, dipole components: 0, head: 3, elec_temp: 0, total_charge: 0, polarizability: 0, total_spin: 0, forces: 3, charges: 0]
2026-10-04 13:32:08.386 INFO: Total number of configurations: train=26, valid=2, tests=[Si_gap_2p9_Default: 1, C_gap_2p9_Default: 1, AgTi_2p70_periodic_PW_PBE_energy_force_holdout_Default: 1],
2026-10-04 13:32:08.386 WARNING: Validation batch size (10) is larger than the number of validation data (2)
2026-10-04 13:32:08.386 INFO: Atomic Numbers used: [np.int64(6), np.int64(14), np.int64(22), np.int64(47)]
2026-10-04 13:32:08.386 INFO: Estimating E0s from foundation model predictions on training data
2026-10-04 13:32:08.388 INFO: Estimating E0s using foundation model on 22 configurations with 4 elements
2026-10-04 13:32:12.546 INFO: ================================================================================
2026-10-04 13:32:12.546 INFO: E0 ESTIMATION FROM FOUNDATION MODEL
2026-10-04 13:32:12.546 INFO: ================================================================================
2026-10-04 13:32:12.546 INFO: Rank of system: 4/4
2026-10-04 13:32:12.547 INFO: Residuals: [105.08254082]
2026-10-04 13:32:12.547 INFO: Element 6: foundation E0 = -1.261735 eV, correction = 0.334992 eV, new E0 = -0.926744 eV
2026-10-04 13:32:12.547 INFO: Element 14: foundation E0 = -0.826390 eV, correction = 0.445425 eV, new E0 = -0.380965 eV
2026-10-04 13:32:12.547 INFO: Element 22: foundation E0 = -2.500549 eV, correction = 1.253330 eV, new E0 = -1.247219 eV
2026-10-04 13:32:12.547 INFO: Element 47: foundation E0 = -0.339546 eV, correction = 0.014954 eV, new E0 = -0.324592 eV
2026-10-04 13:32:12.547 INFO: ================================================================================
2026-10-04 13:32:12.547 INFO: FIT STATISTICS
2026-10-04 13:32:12.547 INFO: ================================================================================
2026-10-04 13:32:12.548 INFO: RMSE before E0 correction: 19.848846 eV
2026-10-04 13:32:12.548 INFO: RMSE after E0 correction:  2.185516 eV
2026-10-04 13:32:12.548 INFO: MAE before E0 correction:  15.819803 eV
2026-10-04 13:32:12.548 INFO: MAE after E0 correction:   1.817125 eV
2026-10-04 13:32:12.548 INFO: ================================================================================
2026-10-04 13:32:12.549 INFO: Atomic Energies used (z: eV) for head Default: {6: -0.9267435595150197, 14: -0.3809654206825455, 22: -1.2472191162161403, 47: -0.3245919361902438}
2026-10-04 13:32:12.549 INFO: Processing datasets for head 'Default'
2026-10-04 13:32:12.574 INFO: Combining 1 list datasets for head 'Default'
2026-10-04 13:32:12.576 INFO: Combining 1 list datasets for head 'Default_valid'
2026-10-04 13:32:12.576 INFO: Combined validation datasets for Default
2026-10-04 13:32:12.576 INFO: Head 'Default' training dataset size: 26
2026-10-04 13:32:12.577 INFO: Computing average number of neighbors
2026-10-04 13:32:12.600 INFO: Average number of neighbors: 33.32648401826484
2026-10-04 13:32:12.600 INFO: During training the following quantities will be reported: energy, forces
2026-10-04 13:32:12.600 INFO: ===========MODEL DETAILS===========
2026-10-04 13:32:12.624 INFO: Loading FOUNDATION model
2026-10-04 13:32:12.624 INFO: Using filtered elements: [np.int64(6), np.int64(14), np.int64(22), np.int64(47)]
2026-10-04 13:32:12.624 INFO: Model configuration extracted from foundation model
2026-10-04 13:32:12.624 INFO: Using weighted loss function for fine-tuning
2026-10-04 13:32:12.624 INFO: Message passing with hidden irreps 128x0e+128x1o)
2026-10-04 13:32:12.624 INFO: 2 layers, each with correlation order: 3 (body order: 4) and spherical harmonics up to: l=3
2026-10-04 13:32:12.625 INFO: Radial cutoff: 6.0 A (total receptive field for each atom: 12.0 A)
2026-10-04 13:32:12.625 INFO: Distance transform for radial basis functions: Agnesi
/workspace/.venvs/mace-v12/lib/python3.12/site-packages/torch/jit/_check.py:178: UserWarning: The TorchScript type system doesn't support instance-level annotations on empty non-base types in `__init__`. Instead, either 1) use a type annotation in the class body, or 2) wrap the type in `torch.jit.Attribute`.
  warnings.warn(
/workspace/.venvs/mace-v12/lib/python3.12/site-packages/torch/jit/_check.py:178: UserWarning: The TorchScript type system doesn't support instance-level annotations on empty non-base types in `__init__`. Instead, either 1) use a type annotation in the class body, or 2) wrap the type in `torch.jit.Attribute`.
  warnings.warn(
/workspace/.venvs/mace-v12/lib/python3.12/site-packages/torch/jit/_check.py:178: UserWarning: The TorchScript type system doesn't support instance-level annotations on empty non-base types in `__init__`. Instead, either 1) use a type annotation in the class body, or 2) wrap the type in `torch.jit.Attribute`.
  warnings.warn(
/workspace/.venvs/mace-v12/lib/python3.12/site-packages/torch/jit/_check.py:178: UserWarning: The TorchScript type system doesn't support instance-level annotations on empty non-base types in `__init__`. Instead, either 1) use a type annotation in the class body, or 2) wrap the type in `torch.jit.Attribute`.
  warnings.warn(
/workspace/.venvs/mace-v12/lib/python3.12/site-packages/torch/jit/_check.py:178: UserWarning: The TorchScript type system doesn't support instance-level annotations on empty non-base types in `__init__`. Instead, either 1) use a type annotation in the class body, or 2) wrap the type in `torch.jit.Attribute`.
  warnings.warn(
/workspace/.venvs/mace-v12/lib/python3.12/site-packages/torch/jit/_check.py:178: UserWarning: The TorchScript type system doesn't support instance-level annotations on empty non-base types in `__init__`. Instead, either 1) use a type annotation in the class body, or 2) wrap the type in `torch.jit.Attribute`.
  warnings.warn(
/workspace/.venvs/mace-v12/lib/python3.12/site-packages/torch/jit/_check.py:178: UserWarning: The TorchScript type system doesn't support instance-level annotations on empty non-base types in `__init__`. Instead, either 1) use a type annotation in the class body, or 2) wrap the type in `torch.jit.Attribute`.
  warnings.warn(
/workspace/.venvs/mace-v12/lib/python3.12/site-packages/torch/jit/_check.py:178: UserWarning: The TorchScript type system doesn't support instance-level annotations on empty non-base types in `__init__`. Instead, either 1) use a type annotation in the class body, or 2) wrap the type in `torch.jit.Attribute`.
  warnings.warn(
/workspace/.venvs/mace-v12/lib/python3.12/site-packages/torch/jit/_check.py:178: UserWarning: The TorchScript type system doesn't support instance-level annotations on empty non-base types in `__init__`. Instead, either 1) use a type annotation in the class body, or 2) wrap the type in `torch.jit.Attribute`.
  warnings.warn(
/workspace/.venvs/mace-v12/lib/python3.12/site-packages/torch/jit/_check.py:178: UserWarning: The TorchScript type system doesn't support instance-level annotations on empty non-base types in `__init__`. Instead, either 1) use a type annotation in the class body, or 2) wrap the type in `torch.jit.Attribute`.
  warnings.warn(
/workspace/.venvs/mace-v12/lib/python3.12/site-packages/torch/jit/_check.py:178: UserWarning: The TorchScript type system doesn't support instance-level annotations on empty non-base types in `__init__`. Instead, either 1) use a type annotation in the class body, or 2) wrap the type in `torch.jit.Attribute`.
  warnings.warn(
/workspace/.venvs/mace-v12/lib/python3.12/site-packages/torch/jit/_check.py:178: UserWarning: The TorchScript type system doesn't support instance-level annotations on empty non-base types in `__init__`. Instead, either 1) use a type annotation in the class body, or 2) wrap the type in `torch.jit.Attribute`.
  warnings.warn(
/workspace/.venvs/mace-v12/lib/python3.12/site-packages/torch/jit/_check.py:178: UserWarning: The TorchScript type system doesn't support instance-level annotations on empty non-base types in `__init__`. Instead, either 1) use a type annotation in the class body, or 2) wrap the type in `torch.jit.Attribute`.
  warnings.warn(
/workspace/.venvs/mace-v12/lib/python3.12/site-packages/torch/jit/_check.py:178: UserWarning: The TorchScript type system doesn't support instance-level annotations on empty non-base types in `__init__`. Instead, either 1) use a type annotation in the class body, or 2) wrap the type in `torch.jit.Attribute`.
  warnings.warn(
2026-10-04 13:32:13.829 INFO: ===========OPTIMIZER INFORMATION===========
2026-10-04 13:32:13.829 INFO: Using ADAM as parameter optimizer
2026-10-04 13:32:13.829 INFO: Batch size: 1
2026-10-04 13:32:13.829 INFO: Number of gradient updates: 2080
2026-10-04 13:32:13.829 INFO: Learning rate: 0.0001, weight decay: 5e-07
2026-10-04 13:32:13.829 INFO: WeightedEnergyForcesLoss(energy_weight=100.000, forces_weight=1000.000)
2026-10-04 13:32:13.830 INFO: === Layer's learning rates ===
2026-10-04 13:32:13.830 INFO: Param group 0: lr = 0.0001
2026-10-04 13:32:13.830 INFO: Param group 1: lr = 0.0001
2026-10-04 13:32:13.830 INFO: Param group 2: lr = 0.0001
2026-10-04 13:32:13.830 INFO: Param group 3: lr = 0.0001
2026-10-04 13:32:13.830 INFO: Param group 4: lr = 0.0001
2026-10-04 13:32:13.831 INFO: Using gradient clipping with tolerance=10.000
2026-10-04 13:32:13.831 INFO: 
2026-10-04 13:32:13.831 INFO: ===========TRAINING===========
2026-10-04 13:32:13.831 INFO: Started training, reporting errors on validation set
2026-10-04 13:32:13.831 INFO: Loss metrics on validation set
2026-10-04 13:32:14.478 INFO: Initial: head: Default, loss=34.71880924, RMSE_E_per_atom=   92.95 meV, RMSE_F=  261.87 meV / A
2026-10-04 13:32:41.682 INFO: Epoch 0: head: Default, loss=20.38980550, RMSE_E_per_atom=   89.36 meV, RMSE_F=  199.95 meV / A
2026-10-04 13:33:05.451 INFO: Epoch 1: head: Default, loss=7.42544279, RMSE_E_per_atom=   44.96 meV, RMSE_F=  121.03 meV / A
2026-10-04 13:33:29.205 INFO: Epoch 2: head: Default, loss=4.71327328, RMSE_E_per_atom=   45.97 meV, RMSE_F=   96.00 meV / A
2026-10-04 13:33:54.537 INFO: Epoch 3: head: Default, loss=3.85164434, RMSE_E_per_atom=   32.34 meV, RMSE_F=   87.17 meV / A
2026-10-04 13:34:19.325 INFO: Epoch 4: head: Default, loss=2.77763902, RMSE_E_per_atom=   24.47 meV, RMSE_F=   74.13 meV / A
2026-10-04 13:34:43.500 INFO: Epoch 5: head: Default, loss=2.18001818, RMSE_E_per_atom=   20.30 meV, RMSE_F=   65.72 meV / A
2026-10-04 13:35:09.594 INFO: Epoch 6: head: Default, loss=2.27354978, RMSE_E_per_atom=   18.01 meV, RMSE_F=   67.19 meV / A
2026-10-04 13:35:33.243 INFO: Epoch 7: head: Default, loss=2.10988422, RMSE_E_per_atom=   15.69 meV, RMSE_F=   64.77 meV / A
2026-10-04 13:35:56.095 INFO: Epoch 8: head: Default, loss=2.00702690, RMSE_E_per_atom=   13.17 meV, RMSE_F=   63.22 meV / A
2026-10-04 13:36:21.249 INFO: Epoch 9: head: Default, loss=1.78981581, RMSE_E_per_atom=   16.75 meV, RMSE_F=   59.60 meV / A
2026-10-04 13:36:54.198 INFO: Epoch 10: head: Default, loss=1.49505107, RMSE_E_per_atom=   13.43 meV, RMSE_F=   54.52 meV / A
2026-10-04 13:37:23.012 INFO: Epoch 11: head: Default, loss=1.81249302, RMSE_E_per_atom=    8.08 meV, RMSE_F=   60.15 meV / A
2026-10-04 13:37:45.642 INFO: Epoch 12: head: Default, loss=1.57256871, RMSE_E_per_atom=   21.65 meV, RMSE_F=   55.66 meV / A
2026-10-04 13:38:19.718 INFO: Epoch 13: head: Default, loss=2.31834459, RMSE_E_per_atom=    7.06 meV, RMSE_F=   68.06 meV / A
2026-10-04 13:38:50.182 INFO: Epoch 14: head: Default, loss=1.42649958, RMSE_E_per_atom=    8.18 meV, RMSE_F=   53.35 meV / A
2026-10-04 13:39:18.678 INFO: Epoch 15: head: Default, loss=1.67586693, RMSE_E_per_atom=    4.51 meV, RMSE_F=   57.88 meV / A
2026-10-04 13:39:49.231 INFO: Epoch 16: head: Default, loss=1.58174580, RMSE_E_per_atom=   19.61 meV, RMSE_F=   55.90 meV / A
2026-10-04 13:40:11.833 INFO: Epoch 17: head: Default, loss=1.03582149, RMSE_E_per_atom=   11.13 meV, RMSE_F=   45.38 meV / A
2026-10-04 13:40:34.807 INFO: Epoch 18: head: Default, loss=1.23148861, RMSE_E_per_atom=   11.59 meV, RMSE_F=   49.49 meV / A
2026-10-04 13:40:58.945 INFO: Epoch 19: head: Default, loss=1.29623483, RMSE_E_per_atom=    9.41 meV, RMSE_F=   50.83 meV / A
2026-10-04 13:41:21.801 INFO: Epoch 20: head: Default, loss=1.08862850, RMSE_E_per_atom=   12.99 meV, RMSE_F=   46.48 meV / A
2026-10-04 13:41:43.838 INFO: Epoch 21: head: Default, loss=1.24678887, RMSE_E_per_atom=    3.26 meV, RMSE_F=   49.93 meV / A
2026-10-04 13:42:06.229 INFO: Epoch 22: head: Default, loss=0.95921842, RMSE_E_per_atom=   10.09 meV, RMSE_F=   43.68 meV / A
2026-10-04 13:42:32.035 INFO: Epoch 23: head: Default, loss=1.27664008, RMSE_E_per_atom=    5.29 meV, RMSE_F=   50.50 meV / A
2026-10-04 13:43:00.919 INFO: Epoch 24: head: Default, loss=0.85914579, RMSE_E_per_atom=    5.58 meV, RMSE_F=   41.41 meV / A
2026-10-04 13:43:33.202 INFO: Epoch 25: head: Default, loss=1.40476231, RMSE_E_per_atom=    7.36 meV, RMSE_F=   52.95 meV / A
2026-10-04 13:44:01.484 INFO: Epoch 26: head: Default, loss=1.21086180, RMSE_E_per_atom=    4.40 meV, RMSE_F=   49.19 meV / A
2026-10-04 13:44:25.361 INFO: Epoch 27: head: Default, loss=1.38798818, RMSE_E_per_atom=    5.29 meV, RMSE_F=   52.66 meV / A
2026-10-04 13:44:48.062 INFO: Epoch 28: head: Default, loss=2.18876112, RMSE_E_per_atom=    4.56 meV, RMSE_F=   66.15 meV / A
2026-10-04 13:45:13.878 INFO: Epoch 29: head: Default, loss=1.18051988, RMSE_E_per_atom=    7.76 meV, RMSE_F=   48.53 meV / A
2026-10-04 13:45:36.464 INFO: Epoch 30: head: Default, loss=1.17146235, RMSE_E_per_atom=    4.32 meV, RMSE_F=   48.38 meV / A
2026-10-04 13:46:00.261 INFO: Epoch 31: head: Default, loss=1.19033654, RMSE_E_per_atom=    8.75 meV, RMSE_F=   48.71 meV / A
2026-10-04 13:46:22.958 INFO: Epoch 32: head: Default, loss=0.94323102, RMSE_E_per_atom=    8.25 meV, RMSE_F=   43.36 meV / A
2026-10-04 13:46:46.918 INFO: Epoch 33: head: Default, loss=1.07519748, RMSE_E_per_atom=    5.30 meV, RMSE_F=   46.34 meV / A
2026-10-04 13:47:11.239 INFO: Epoch 34: head: Default, loss=0.92219918, RMSE_E_per_atom=    2.30 meV, RMSE_F=   42.94 meV / A
2026-10-04 13:47:34.262 INFO: Epoch 35: head: Default, loss=1.01144872, RMSE_E_per_atom=    7.39 meV, RMSE_F=   44.92 meV / A
2026-10-04 13:47:58.703 INFO: Epoch 36: head: Default, loss=0.87710384, RMSE_E_per_atom=    6.38 meV, RMSE_F=   41.83 meV / A
2026-10-04 13:48:22.943 INFO: Epoch 37: head: Default, loss=1.17564902, RMSE_E_per_atom=    3.69 meV, RMSE_F=   48.48 meV / A
2026-10-04 13:48:47.654 INFO: Epoch 38: head: Default, loss=0.98510149, RMSE_E_per_atom=    5.24 meV, RMSE_F=   44.36 meV / A
2026-10-04 13:49:09.934 INFO: Epoch 39: head: Default, loss=1.21806873, RMSE_E_per_atom=    3.68 meV, RMSE_F=   49.34 meV / A
2026-10-04 13:49:31.688 INFO: Epoch 40: head: Default, loss=1.17987841, RMSE_E_per_atom=    2.73 meV, RMSE_F=   48.57 meV / A
2026-10-04 13:49:54.243 INFO: Epoch 41: head: Default, loss=0.95085681, RMSE_E_per_atom=    7.52 meV, RMSE_F=   43.54 meV / A
2026-10-04 13:50:16.779 INFO: Epoch 42: head: Default, loss=1.26716469, RMSE_E_per_atom=   10.64 meV, RMSE_F=   50.23 meV / A
2026-10-04 13:50:39.797 INFO: Epoch 43: head: Default, loss=1.65484950, RMSE_E_per_atom=    7.04 meV, RMSE_F=   57.49 meV / A
2026-10-04 13:51:01.659 INFO: Epoch 44: head: Default, loss=0.82080279, RMSE_E_per_atom=    4.96 meV, RMSE_F=   40.49 meV / A
2026-10-04 13:51:25.828 INFO: Epoch 45: head: Default, loss=0.95481646, RMSE_E_per_atom=   15.87 meV, RMSE_F=   43.41 meV / A
2026-10-04 13:51:48.297 INFO: Epoch 46: head: Default, loss=0.94478222, RMSE_E_per_atom=   10.18 meV, RMSE_F=   43.35 meV / A
2026-10-04 13:52:10.556 INFO: Epoch 47: head: Default, loss=0.95681819, RMSE_E_per_atom=    2.87 meV, RMSE_F=   43.74 meV / A
2026-10-04 13:52:32.369 INFO: Epoch 48: head: Default, loss=1.10264960, RMSE_E_per_atom=    9.89 meV, RMSE_F=   46.86 meV / A
2026-10-04 13:52:54.549 INFO: Epoch 49: head: Default, loss=1.15833555, RMSE_E_per_atom=    6.42 meV, RMSE_F=   48.09 meV / A
2026-10-04 13:53:18.822 INFO: Epoch 50: head: Default, loss=1.15545160, RMSE_E_per_atom=    6.27 meV, RMSE_F=   48.03 meV / A
2026-10-04 13:53:46.077 INFO: Epoch 51: head: Default, loss=0.88007155, RMSE_E_per_atom=    5.55 meV, RMSE_F=   41.92 meV / A
2026-10-04 13:54:10.142 INFO: Epoch 52: head: Default, loss=0.95702241, RMSE_E_per_atom=    5.99 meV, RMSE_F=   43.71 meV / A
2026-10-04 13:54:35.405 INFO: Epoch 53: head: Default, loss=0.88751045, RMSE_E_per_atom=    8.50 meV, RMSE_F=   42.05 meV / A
2026-10-04 13:55:00.333 INFO: Epoch 54: head: Default, loss=0.88536610, RMSE_E_per_atom=    6.88 meV, RMSE_F=   42.02 meV / A
2026-10-04 13:55:26.756 INFO: Epoch 55: head: Default, loss=2.15761658, RMSE_E_per_atom=   10.11 meV, RMSE_F=   65.61 meV / A
2026-10-04 13:55:51.157 INFO: Epoch 56: head: Default, loss=0.80620868, RMSE_E_per_atom=    6.07 meV, RMSE_F=   40.11 meV / A
2026-10-04 13:56:17.404 INFO: Epoch 57: head: Default, loss=0.91965455, RMSE_E_per_atom=    8.26 meV, RMSE_F=   42.81 meV / A
2026-10-04 13:56:40.927 INFO: Epoch 58: head: Default, loss=0.84454907, RMSE_E_per_atom=    5.59 meV, RMSE_F=   41.06 meV / A
2026-10-04 13:57:02.958 INFO: Epoch 59: head: Default, loss=1.01772669, RMSE_E_per_atom=    9.81 meV, RMSE_F=   45.01 meV / A
2026-10-04 13:57:33.719 INFO: Epoch 60: head: Default, loss=1.26308075, RMSE_E_per_atom=    4.62 meV, RMSE_F=   50.24 meV / A
2026-10-04 13:57:56.569 INFO: Epoch 61: head: Default, loss=1.20027370, RMSE_E_per_atom=    9.99 meV, RMSE_F=   48.89 meV / A
2026-10-04 13:58:32.111 INFO: Epoch 62: head: Default, loss=0.91755413, RMSE_E_per_atom=    5.42 meV, RMSE_F=   42.80 meV / A
2026-10-04 13:58:55.726 INFO: Epoch 63: head: Default, loss=0.84932547, RMSE_E_per_atom=    9.50 meV, RMSE_F=   41.10 meV / A
2026-10-04 13:59:18.167 INFO: Epoch 64: head: Default, loss=0.88518139, RMSE_E_per_atom=    3.15 meV, RMSE_F=   42.06 meV / A
2026-10-04 13:59:40.869 INFO: Epoch 65: head: Default, loss=0.99002678, RMSE_E_per_atom=    6.46 meV, RMSE_F=   44.45 meV / A
2026-10-04 14:00:03.454 INFO: Epoch 66: head: Default, loss=1.27217648, RMSE_E_per_atom=    7.39 meV, RMSE_F=   50.39 meV / A
2026-10-04 14:00:26.591 INFO: Epoch 67: head: Default, loss=1.00404131, RMSE_E_per_atom=    6.04 meV, RMSE_F=   44.77 meV / A
2026-10-04 14:00:49.869 INFO: Epoch 68: head: Default, loss=1.27075935, RMSE_E_per_atom=    4.25 meV, RMSE_F=   50.40 meV / A
2026-10-04 14:01:19.166 INFO: Epoch 69: head: Default, loss=0.86460691, RMSE_E_per_atom=   11.59 meV, RMSE_F=   41.42 meV / A
2026-10-04 14:01:41.568 INFO: Epoch 70: head: Default, loss=1.02572910, RMSE_E_per_atom=    3.89 meV, RMSE_F=   45.28 meV / A
2026-10-04 14:02:06.326 INFO: Epoch 71: head: Default, loss=0.82124159, RMSE_E_per_atom=    8.38 meV, RMSE_F=   40.44 meV / A
2026-10-04 14:02:29.173 INFO: Epoch 72: head: Default, loss=0.79977392, RMSE_E_per_atom=   10.70 meV, RMSE_F=   39.85 meV / A
2026-10-04 14:03:01.177 INFO: Epoch 73: head: Default, loss=0.84675362, RMSE_E_per_atom=    3.67 meV, RMSE_F=   41.14 meV / A
2026-10-04 14:03:24.007 INFO: Epoch 74: head: Default, loss=0.87843574, RMSE_E_per_atom=   11.65 meV, RMSE_F=   41.75 meV / A
2026-10-04 14:03:51.226 INFO: Epoch 75: head: Default, loss=0.81098702, RMSE_E_per_atom=    3.04 meV, RMSE_F=   40.26 meV / A
2026-10-04 14:04:23.664 INFO: Epoch 76: head: Default, loss=1.44702811, RMSE_E_per_atom=    4.94 meV, RMSE_F=   53.77 meV / A
2026-10-04 14:04:53.410 INFO: Epoch 77: head: Default, loss=1.57753867, RMSE_E_per_atom=    4.98 meV, RMSE_F=   56.15 meV / A
2026-10-04 14:05:27.772 INFO: Epoch 78: head: Default, loss=0.80353205, RMSE_E_per_atom=    6.65 meV, RMSE_F=   40.03 meV / A
2026-10-04 14:05:52.912 INFO: Epoch 79: head: Default, loss=0.92365252, RMSE_E_per_atom=    5.37 meV, RMSE_F=   42.95 meV / A
2026-10-04 14:05:52.913 INFO: Training complete
2026-10-04 14:05:52.913 INFO: 
2026-10-04 14:05:52.913 INFO: ===========RESULTS===========
2026-10-04 14:05:52.927 INFO: Loading checkpoint: /workspace/-/research/mace-v12-transfer/periodic_interface_v4/mace_periodic_v13_interface_energy/checkpoints/MACE_periodic_v13_interface_energy_run-45_epoch-72.pt
/workspace/.venvs/mace-v12/lib/python3.12/site-packages/mace/tools/checkpoint.py:187: FutureWarning: You are using `torch.load` with `weights_only=False` (the current default value), which uses the default pickle module implicitly. It is possible to construct malicious pickle data which will execute arbitrary code during unpickling (See https://github.com/pytorch/pytorch/blob/main/SECURITY.md#untrusted-models for more details). In a future release, the default value for `weights_only` will be flipped to `True`. This limits the functions that could be executed during unpickling. Arbitrary objects will no longer be allowed to be loaded via this mode unless they are explicitly allowlisted by the user via `torch.serialization.add_safe_globals`. We recommend you start setting `weights_only=True` for any use case where you don't have full control of the loaded file. Please open an issue on GitHub for any issues related to this experimental feature.
  torch.load(f=checkpoint_info.path, map_location=device),
2026-10-04 14:05:53.006 INFO: Loaded Stage one model from epoch 72 for evaluation
2026-10-04 14:05:53.006 INFO: Saving model to /workspace/-/research/mace-v12-transfer/periodic_interface_v4/mace_periodic_v13_interface_energy/checkpoints/MACE_periodic_v13_interface_energy_run-45.model
2026-10-04 14:05:53.217 INFO: Compiling model, saving metadata to /workspace/-/research/mace-v12-transfer/periodic_interface_v4/mace_periodic_v13_interface_energy/models/MACE_periodic_v13_interface_energy_compiled.model
2026-10-04 14:05:53.993 INFO: Computing metrics for training, validation, and test sets
2026-10-04 14:05:53.994 INFO: Skipping evaluation for heads: ['pt_head']
2026-10-04 14:05:53.995 INFO: Evaluating train_Default ...
2026-10-04 14:06:01.069 INFO: Evaluating valid_Default ...
2026-10-04 14:06:01.593 INFO: Error-table on TRAIN and VALID:
+---------------+---------------------+------------------+-------------------+
|  config_type  | RMSE E / meV / atom | RMSE F / meV / A | relative F RMSE % |
+---------------+---------------------+------------------+-------------------+
| train_Default |         1697.4      |         28.2     |          2.56     |
| valid_Default |           10.7      |         39.9     |          6.86     |
+---------------+---------------------+------------------+-------------------+
2026-10-04 14:06:01.594 INFO: Evaluating AgTi_2p70_periodic_PW_PBE_energy_force_holdout_Default ...
2026-10-04 14:06:01.874 INFO: Evaluating C_gap_2p9_Default ...
2026-10-04 14:06:02.093 INFO: Evaluating Si_gap_2p9_Default ...
2026-10-04 14:06:02.373 INFO: Error-table on TEST:
+--------------------------------------------------------+---------------------+------------------+-------------------+
|                      config_type                       | RMSE E / meV / atom | RMSE F / meV / A | relative F RMSE % |
+--------------------------------------------------------+---------------------+------------------+-------------------+
| AgTi_2p70_periodic_PW_PBE_energy_force_holdout_Default |            3.9      |         26.2     |          2.41     |
|                   C_gap_2p9_Default                    |           12.9      |         53.6     |          7.86     |
|                   Si_gap_2p9_Default                   |            4.9      |         16.9     |          6.58     |
+--------------------------------------------------------+---------------------+------------------+-------------------+
2026-10-04 14:06:10.976 INFO: Done
