{
  "label": "AgC_framework_neighbor_p_acq_v17_01",
  "source": "/workspace/-/research/mace-v12-transfer/periodic_interface_v4/pbe_interface_v17_main_targeted_acquisition/inputs/AgC_framework_neighbor_p_acq_v17_01.extxyz",
  "source_sha256": "09dae5405ad3483981c037a625d0ec24345b62de73b05f554297a03a158104b3",
  "atoms": 48,
  "formula": "C13Ag2Si10Ti23",
  "central_pair": {
    "elements": "Ag-C",
    "Ag_id": 688433,
    "contact_id": 604804,
    "distance_A": 2.220253256225198,
    "separating_force_eV_A": -2.3302945027542594
  },
  "energy_eV_cell": -257.5994118847394,
  "free_energy_eV_cell": -258.7565058623172,
  "energy_convention": "GPAW native extrapolated energy, force_consistent=False; free_energy recorded separately",
  "scf_converged": true,
  "scf_iterations": 58,
  "fmax_eV_A": 6.230972664169458,
  "rms_force_eV_A": 2.7575846898046747,
  "method": {
    "xc": "PBE",
    "basis": "plane wave",
    "cutoff_eV": 500,
    "kpts": [
      1,
      1,
      1
    ],
    "smearing_eV": 0.1,
    "parallel": {
      "sl_auto": true
    },
    "scf_thresholds": "energy/density/eigenstates 1e-5",
    "mixer": "Pulay beta=0.05, nmaxold=8, weight=100",
    "GPAW_version": "26.7.0"
  },
  "mpi_ranks": 4,
  "elapsed_s": 9852.134690999985,
  "dataset_role": "v17_targeted_diagnostic_training_acquisition",
  "note": "V17 paired diagnostic/training acquisition; deliberate near-parent geometry, no independent-validation claim."
}
