{
  "label": "AgSi_transverse_Ag_p_acq_v17_01",
  "source": "/workspace/-/research/mace-v12-transfer/periodic_interface_v4/pbe_interface_v17_main_targeted_acquisition/inputs/AgSi_transverse_Ag_p_acq_v17_01.extxyz",
  "source_sha256": "0ec984230be84dec75648be83c7a35355d61b5d3c9f3f40e47dc2958a6703653",
  "atoms": 51,
  "formula": "C13Ag17Si8Ti13",
  "central_pair": {
    "elements": "Ag-Si",
    "Ag_id": 683609,
    "contact_id": 366934,
    "distance_A": 2.444700116624624,
    "separating_force_eV_A": 1.820831047219188
  },
  "energy_eV_cell": -208.78624205991574,
  "free_energy_eV_cell": -209.71697823574613,
  "energy_convention": "GPAW native extrapolated energy, force_consistent=False; free_energy recorded separately",
  "scf_converged": true,
  "scf_iterations": 47,
  "fmax_eV_A": 4.804411884435067,
  "rms_force_eV_A": 1.8472337652885715,
  "method": {
    "xc": "PBE",
    "basis": "plane wave",
    "cutoff_eV": 500,
    "kpts": [
      1,
      1,
      1
    ],
    "smearing_eV": 0.1,
    "parallel": {
      "sl_auto": true
    },
    "scf_thresholds": "energy/density/eigenstates 1e-5",
    "mixer": "Pulay beta=0.05, nmaxold=8, weight=100",
    "GPAW_version": "26.7.0"
  },
  "mpi_ranks": 4,
  "elapsed_s": 8781.052205324173,
  "dataset_role": "v17_targeted_diagnostic_training_acquisition",
  "note": "V17 paired diagnostic/training acquisition; deliberate near-parent geometry, no independent-validation claim."
}
