{
  "label": "AgTi_framework_neighbor_p_acq_v17_01",
  "source": "/workspace/-/research/mace-v12-transfer/periodic_interface_v4/pbe_interface_v17_main_targeted_acquisition/inputs/AgTi_framework_neighbor_p_acq_v17_01.extxyz",
  "source_sha256": "7e0ebb73b6cfd1bcdf3e40e0e8f133aafa059e528961ce7b0c3a0734ad714768",
  "atoms": 49,
  "formula": "C11Ag28SiTi9",
  "central_pair": {
    "elements": "Ag-Ti",
    "Ag_id": 687247,
    "contact_id": 479027,
    "distance_A": 2.553771602372663,
    "separating_force_eV_A": 1.9818314568773083
  },
  "energy_eV_cell": -176.46246944845967,
  "free_energy_eV_cell": -177.1099923022521,
  "energy_convention": "GPAW native extrapolated energy, force_consistent=False; free_energy recorded separately",
  "scf_converged": true,
  "scf_iterations": 38,
  "fmax_eV_A": 4.442715080257984,
  "rms_force_eV_A": 1.979688820981249,
  "method": {
    "xc": "PBE",
    "basis": "plane wave",
    "cutoff_eV": 500,
    "kpts": [
      1,
      1,
      1
    ],
    "smearing_eV": 0.1,
    "parallel": {
      "sl_auto": true
    },
    "scf_thresholds": "energy/density/eigenstates 1e-5",
    "mixer": "Pulay beta=0.05, nmaxold=8, weight=100",
    "GPAW_version": "26.7.0"
  },
  "mpi_ranks": 4,
  "elapsed_s": 5803.620774745941,
  "dataset_role": "v17_targeted_diagnostic_training_acquisition",
  "note": "V17 paired diagnostic/training acquisition; deliberate near-parent geometry, no independent-validation claim."
}
