{
  "label": "AgSi_widespan_registry_acq_v16_01",
  "source": "/workspace/-/research/mace-v12-transfer/periodic_interface_v4/pbe_interface_v16_main_acquisition/inputs/AgSi_widespan_registry_acq_v16_01.extxyz",
  "source_sha256": "92dd6a42087553d506e438cfae153f2bc58c1bc415d70f3f58da33d0e34cea91",
  "atoms": 51,
  "formula": "C13Ag17Si8Ti13",
  "central_pair": {
    "elements": "Ag-Si",
    "Ag_id": 683609,
    "contact_id": 366934,
    "distance_A": 2.4584667356823218,
    "separating_force_eV_A": 1.785534387936566
  },
  "energy_eV_cell": -208.7761694140073,
  "free_energy_eV_cell": -209.69879599610437,
  "energy_convention": "GPAW native extrapolated energy, force_consistent=False; free_energy recorded separately",
  "scf_converged": true,
  "scf_iterations": 47,
  "fmax_eV_A": 4.813036900221466,
  "rms_force_eV_A": 1.885257641568969,
  "method": {
    "xc": "PBE",
    "basis": "plane wave",
    "cutoff_eV": 500,
    "kpts": [
      1,
      1,
      1
    ],
    "smearing_eV": 0.1,
    "parallel": {
      "sl_auto": true
    },
    "scf_thresholds": "energy/density/eigenstates 1e-5",
    "mixer": "Pulay beta=0.05, nmaxold=8, weight=100",
    "GPAW_version": "26.7.0"
  },
  "mpi_ranks": 4,
  "elapsed_s": 5111.730498075485,
  "dataset_role": "v16_training_acquisition",
  "note": "V16 training acquisition; not independent validation; historical inputs and labels preserved."
}
