{
  "label": "AgC_widespan_distance_acq_v16_01",
  "source": "/workspace/-/research/mace-v12-transfer/periodic_interface_v4/pbe_interface_v16_parallel_acquisition/inputs/AgC_widespan_distance_acq_v16_01.extxyz",
  "source_sha256": "75841f91e522499e24953b3d6c9454cccc09bab484e1f55001ad26380686dd21",
  "atoms": 48,
  "formula": "C13Ag2Si10Ti23",
  "central_pair": {
    "elements": "Ag-C",
    "Ag_id": 688433,
    "contact_id": 604804,
    "distance_A": 2.6099629668318904,
    "separating_force_eV_A": -4.7512135553130985
  },
  "energy_eV_cell": -256.28133618928143,
  "free_energy_eV_cell": -257.4380004635673,
  "energy_convention": "GPAW native extrapolated energy, force_consistent=False; free_energy recorded separately",
  "scf_converged": true,
  "scf_iterations": 59,
  "fmax_eV_A": 7.5011917005183655,
  "rms_force_eV_A": 2.9672099371439047,
  "method": {
    "xc": "PBE",
    "basis": "plane wave",
    "cutoff_eV": 500,
    "kpts": [
      1,
      1,
      1
    ],
    "smearing_eV": 0.1,
    "parallel": {
      "sl_auto": true
    },
    "scf_thresholds": "energy/density/eigenstates 1e-5",
    "mixer": "Pulay beta=0.05, nmaxold=8, weight=100",
    "GPAW_version": "26.7.0"
  },
  "mpi_ranks": 4,
  "elapsed_s": 3185.8524191379547,
  "dataset_role": "v16_training_acquisition",
  "note": "V16 training acquisition; not independent validation; historical inputs and labels preserved."
}
