{
  "label": "AgSi_widespan_distance_acq_v16_01",
  "source": "/workspace/-/research/mace-v12-transfer/periodic_interface_v4/pbe_interface_v16_parallel_acquisition/inputs/AgSi_widespan_distance_acq_v16_01.extxyz",
  "source_sha256": "cccdfcdd8891216a4078d11cd618dd862daae2c368bfe74cef7c3a73ac3b6049",
  "atoms": 51,
  "formula": "C13Ag17Si8Ti13",
  "central_pair": {
    "elements": "Ag-Si",
    "Ag_id": 683609,
    "contact_id": 366934,
    "distance_A": 2.9400939898518934,
    "separating_force_eV_A": -0.5468286704348249
  },
  "energy_eV_cell": -206.5113422532204,
  "free_energy_eV_cell": -207.45691455817516,
  "energy_convention": "GPAW native extrapolated energy, force_consistent=False; free_energy recorded separately",
  "scf_converged": true,
  "scf_iterations": 48,
  "fmax_eV_A": 4.832056111027038,
  "rms_force_eV_A": 1.7739266385893575,
  "method": {
    "xc": "PBE",
    "basis": "plane wave",
    "cutoff_eV": 500,
    "kpts": [
      1,
      1,
      1
    ],
    "smearing_eV": 0.1,
    "parallel": {
      "sl_auto": true
    },
    "scf_thresholds": "energy/density/eigenstates 1e-5",
    "mixer": "Pulay beta=0.05, nmaxold=8, weight=100",
    "GPAW_version": "26.7.0"
  },
  "mpi_ranks": 4,
  "elapsed_s": 2809.7678349018097,
  "dataset_role": "v16_training_acquisition",
  "note": "V16 training acquisition; not independent validation; historical inputs and labels preserved."
}
