{
  "label": "AgTi_framework_neighbor_m_acq_v17_01",
  "source": "/workspace/-/research/mace-v12-transfer/periodic_interface_v4/pbe_interface_v17_parallel_targeted_acquisition/inputs/AgTi_framework_neighbor_m_acq_v17_01.extxyz",
  "source_sha256": "aac0938a9b417bf4a7f61e5ee76f7485ff7e8af4cb4e06f58001b79d5f636293",
  "atoms": 49,
  "formula": "C11Ag28SiTi9",
  "central_pair": {
    "elements": "Ag-Ti",
    "Ag_id": 687247,
    "contact_id": 479027,
    "distance_A": 2.6223661864287333,
    "separating_force_eV_A": 0.8795896438154913
  },
  "energy_eV_cell": -176.68229450106995,
  "free_energy_eV_cell": -177.3250271279098,
  "energy_convention": "GPAW native extrapolated energy, force_consistent=False; free_energy recorded separately",
  "scf_converged": true,
  "scf_iterations": 38,
  "fmax_eV_A": 4.355634107794168,
  "rms_force_eV_A": 1.9403735459772682,
  "method": {
    "xc": "PBE",
    "basis": "plane wave",
    "cutoff_eV": 500,
    "kpts": [
      1,
      1,
      1
    ],
    "smearing_eV": 0.1,
    "parallel": {
      "sl_auto": true
    },
    "scf_thresholds": "energy/density/eigenstates 1e-5",
    "mixer": "Pulay beta=0.05, nmaxold=8, weight=100",
    "GPAW_version": "26.7.0"
  },
  "mpi_ranks": 4,
  "elapsed_s": 3480.60858130455,
  "dataset_role": "v17_targeted_diagnostic_training_acquisition",
  "note": "V17 paired diagnostic/training acquisition; deliberate near-parent geometry, no independent-validation claim."
}
