/workspace/.venvs/mace-v12/lib/python3.12/site-packages/e3nn/o3/_wigner.py:10: FutureWarning: You are using `torch.load` with `weights_only=False` (the current default value), which uses the default pickle module implicitly. It is possible to construct malicious pickle data which will execute arbitrary code during unpickling (See https://github.com/pytorch/pytorch/blob/main/SECURITY.md#untrusted-models for more details). In a future release, the default value for `weights_only` will be flipped to `True`. This limits the functions that could be executed during unpickling. Arbitrary objects will no longer be allowed to be loaded via this mode unless they are explicitly allowlisted by the user via `torch.serialization.add_safe_globals`. We recommend you start setting `weights_only=True` for any use case where you don't have full control of the loaded file. Please open an issue on GitHub for any issues related to this experimental feature.
  _Jd, _W3j_flat, _W3j_indices = torch.load(os.path.join(os.path.dirname(__file__), 'constants.pt'))
cuequivariance or cuequivariance_torch is not available. Cuequivariance acceleration will be disabled.
{
  "evaluation_script_sha256": "a0b59c6e50b602d403958ea6eb07fc3a9c4ee11ec95832e0db4515cf45b9b956",
  "models": {
    "v9": {
      "path": "/workspace/-/research/mace-v12-transfer/periodic_interface_v4/mace_periodic_v9_forceonly/models/Ag_Ti_Si_C_MACE_periodic_v9_forceonly.model",
      "sha256": "7d183ed99dae18bfb0f84eaf33be38458671d18508ff59e9413b7339bd97db86"
    },
    "v10": {
      "path": "/workspace/-/research/mace-v12-transfer/periodic_interface_v4/mace_periodic_v10_energycal/checkpoints/MACE_periodic_v10_energycal_run-43.model",
      "sha256": "8ed91080e4646e0e8021a6a5258c28075468d1cb2ef1c4a6f416cb3a89e04d85"
    },
    "v11": {
      "path": "/workspace/-/research/mace-v12-transfer/periodic_interface_v4/mace_periodic_v11_energyfocus/checkpoints/MACE_periodic_v11_energyfocus_run-44.model",
      "sha256": "6ef4fdadddbad35eb340321bacfb60257c4f5c6e3195f45f662c0c5ce081be62"
    },
    "v12": {
      "path": "/workspace/-/research/mace-v12-transfer/periodic_interface_v4/mace_periodic_v12_interface_energy/checkpoints/MACE_periodic_v12_interface_energy_run-45.model",
      "sha256": "011280f8d999a62c1603848226fd64c9592740d54e28d4d04f76e2035a034628"
    }
  },
  "test_file_sha256": "28d3ddc63332361c014b42bfb54c87eb06d0945ede734b965229ceea46c5f60e",
  "holdout_file_sha256": {
    "AgSi_midpoint": "e20fe3f7572b436a5afdcb67fb8c3f7c664036a6d10963dd8cac2a49d4e4773d",
    "AgC_midpoint": "7e7d098a13743ee7a85bb24cffff1e4c88b06694b83bd4faeee394b9999a1d27"
  },
  "per_structure": [
    {
      "split": "frozen_test",
      "label": "Si_gap_2p9",
      "config_type": "Si_gap_2p9",
      "formula": "C4Ag6Si4Ti6",
      "atoms": 20,
      "DFT_energy_eV_cell": -121.81391452164168,
      "DFT_energy_key": "REF_energy",
      "DFT_force_key": "REF_forces",
      "v9_energy_error_DFT_minus_MACE_meV_atom": 24.06350686632095,
      "v9_force_vector_RMSE_eV_A": 0.027401986583805066,
      "v9_force_component_MAE_eV_A": 0.010005661874380168,
      "v9_force_vector_max_error_eV_A": 0.04535138792876791,
      "v9_Fmax_eV_A": 0.8777009221957317,
      "v10_energy_error_DFT_minus_MACE_meV_atom": 9.796653297625824,
      "v10_force_vector_RMSE_eV_A": 0.0394415299648136,
      "v10_force_component_MAE_eV_A": 0.015093207222268519,
      "v10_force_vector_max_error_eV_A": 0.06143476502515785,
      "v10_Fmax_eV_A": 0.8436628658302474,
      "v11_energy_error_DFT_minus_MACE_meV_atom": -0.8935821164108404,
      "v11_force_vector_RMSE_eV_A": 0.03167234922300321,
      "v11_force_component_MAE_eV_A": 0.011781051227386775,
      "v11_force_vector_max_error_eV_A": 0.04589671138654565,
      "v11_Fmax_eV_A": 0.9223657429907988,
      "v12_energy_error_DFT_minus_MACE_meV_atom": -11.731673413577681,
      "v12_force_vector_RMSE_eV_A": 0.028150639214553727,
      "v12_force_component_MAE_eV_A": 0.010306462656584008,
      "v12_force_vector_max_error_eV_A": 0.049086209515001825,
      "v12_Fmax_eV_A": 0.8846861851902996
    },
    {
      "split": "frozen_test",
      "label": "C_gap_2p9",
      "config_type": "C_gap_2p9",
      "formula": "C6Ag6Si2Ti6",
      "atoms": 20,
      "DFT_energy_eV_cell": -116.69642852480848,
      "DFT_energy_key": "REF_energy",
      "DFT_force_key": "REF_forces",
      "v9_energy_error_DFT_minus_MACE_meV_atom": 25.75928400757803,
      "v9_force_vector_RMSE_eV_A": 0.08721766831053938,
      "v9_force_component_MAE_eV_A": 0.02850343412389899,
      "v9_force_vector_max_error_eV_A": 0.15536275064785163,
      "v9_Fmax_eV_A": 2.474214946962354,
      "v10_energy_error_DFT_minus_MACE_meV_atom": 110.89615451832488,
      "v10_force_vector_RMSE_eV_A": 0.08617056829419577,
      "v10_force_component_MAE_eV_A": 0.02838846835952177,
      "v10_force_vector_max_error_eV_A": 0.1487904334546647,
      "v10_Fmax_eV_A": 2.4954887760347444,
      "v11_energy_error_DFT_minus_MACE_meV_atom": 16.761870394546463,
      "v11_force_vector_RMSE_eV_A": 0.08621252368508701,
      "v11_force_component_MAE_eV_A": 0.02829314743768418,
      "v11_force_vector_max_error_eV_A": 0.1450546923569806,
      "v11_Fmax_eV_A": 2.4725062227957766,
      "v12_energy_error_DFT_minus_MACE_meV_atom": 7.7106441763298506,
      "v12_force_vector_RMSE_eV_A": 0.08492388002577224,
      "v12_force_component_MAE_eV_A": 0.02834594639386088,
      "v12_force_vector_max_error_eV_A": 0.1392182930015159,
      "v12_Fmax_eV_A": 2.4220408593621885
    },
    {
      "split": "frozen_test",
      "label": "AgTi_2p70_periodic_PW_PBE_energy_force_holdout",
      "config_type": "AgTi_2p70_periodic_PW_PBE_energy_force_holdout",
      "formula": "C11Ag28SiTi9",
      "atoms": 49,
      "DFT_energy_eV_cell": -177.01482096216398,
      "DFT_energy_key": "REF_energy",
      "DFT_force_key": "REF_forces",
      "DFT_central_pair_elements": "Ti-Ag",
      "DFT_central_pair_distance_A": 2.6999999924868017,
      "DFT_separating_force_eV_A": -0.8024178084849083,
      "v9_energy_error_DFT_minus_MACE_meV_atom": -75.4741538104692,
      "v9_force_vector_RMSE_eV_A": 0.07981883274890089,
      "v9_force_component_MAE_eV_A": 0.035562708852072814,
      "v9_force_vector_max_error_eV_A": 0.22516606494357705,
      "v9_Fmax_eV_A": 4.34368244211686,
      "v9_separating_force_eV_A": -0.8702963257204595,
      "v10_energy_error_DFT_minus_MACE_meV_atom": 129.46012757261923,
      "v10_force_vector_RMSE_eV_A": 0.059269745552827637,
      "v10_force_component_MAE_eV_A": 0.024703913959966194,
      "v10_force_vector_max_error_eV_A": 0.19304335217953109,
      "v10_Fmax_eV_A": 4.356353131547373,
      "v10_separating_force_eV_A": -0.9015834066980034,
      "v11_energy_error_DFT_minus_MACE_meV_atom": 14.275028397610278,
      "v11_force_vector_RMSE_eV_A": 0.06178961466219518,
      "v11_force_component_MAE_eV_A": 0.026509848589518905,
      "v11_force_vector_max_error_eV_A": 0.16491053349085957,
      "v11_Fmax_eV_A": 4.353063167592573,
      "v11_separating_force_eV_A": -0.947806872400533,
      "v12_energy_error_DFT_minus_MACE_meV_atom": -2.483764438727692,
      "v12_force_vector_RMSE_eV_A": 0.05373490398032275,
      "v12_force_component_MAE_eV_A": 0.02459488468137741,
      "v12_force_vector_max_error_eV_A": 0.12854703697567632,
      "v12_Fmax_eV_A": 4.323744205813572,
      "v12_separating_force_eV_A": -0.7575518205064847
    },
    {
      "split": "external_holdout",
      "label": "AgSi_midpoint",
      "config_type": "",
      "formula": "C13Ag17Si8Ti13",
      "atoms": 51,
      "DFT_energy_eV_cell": -207.46017015684328,
      "DFT_energy_key": "SinglePointCalculator.energy",
      "DFT_force_key": "SinglePointCalculator.forces",
      "DFT_central_pair_elements": "Si-Ag",
      "DFT_central_pair_distance_A": 2.454117131713038,
      "DFT_separating_force_eV_A": 1.7079510603267585,
      "v9_energy_error_DFT_minus_MACE_meV_atom": 129.6955166734099,
      "v9_force_vector_RMSE_eV_A": 0.07970758970283048,
      "v9_force_component_MAE_eV_A": 0.03588027600248639,
      "v9_force_vector_max_error_eV_A": 0.15453938085450034,
      "v9_Fmax_eV_A": 4.997813250884988,
      "v9_separating_force_eV_A": 1.8352984992718113,
      "v10_energy_error_DFT_minus_MACE_meV_atom": 214.53175075143906,
      "v10_force_vector_RMSE_eV_A": 0.08658930328903233,
      "v10_force_component_MAE_eV_A": 0.0380291898210442,
      "v10_force_vector_max_error_eV_A": 0.16266378964081085,
      "v10_Fmax_eV_A": 4.938976331900312,
      "v10_separating_force_eV_A": 1.8273108886296205,
      "v11_energy_error_DFT_minus_MACE_meV_atom": 107.90753864918433,
      "v11_force_vector_RMSE_eV_A": 0.0737437797647167,
      "v11_force_component_MAE_eV_A": 0.03262718731112303,
      "v11_force_vector_max_error_eV_A": 0.14588700082966027,
      "v11_Fmax_eV_A": 4.973003322204359,
      "v11_separating_force_eV_A": 1.8149147466855151,
      "v12_energy_error_DFT_minus_MACE_meV_atom": -15.20213333675685,
      "v12_force_vector_RMSE_eV_A": 0.061011992105121614,
      "v12_force_component_MAE_eV_A": 0.024941768697792806,
      "v12_force_vector_max_error_eV_A": 0.165202575668848,
      "v12_Fmax_eV_A": 4.936826412751387,
      "v12_separating_force_eV_A": 1.4268569790455754
    },
    {
      "split": "external_holdout",
      "label": "AgC_midpoint",
      "config_type": "",
      "formula": "C13Ag2Si10Ti23",
      "atoms": 48,
      "DFT_energy_eV_cell": -259.1460694818018,
      "DFT_energy_key": "SinglePointCalculator.energy",
      "DFT_force_key": "SinglePointCalculator.forces",
      "DFT_central_pair_elements": "C-Ag",
      "DFT_central_pair_distance_A": 2.202603164364853,
      "DFT_separating_force_eV_A": -1.4154912201066192,
      "v9_energy_error_DFT_minus_MACE_meV_atom": 495.5080301963394,
      "v9_force_vector_RMSE_eV_A": 0.1041806518173785,
      "v9_force_component_MAE_eV_A": 0.04784800165301827,
      "v9_force_vector_max_error_eV_A": 0.19064006422036206,
      "v9_Fmax_eV_A": 5.833007685664574,
      "v9_separating_force_eV_A": -1.3532225834336775,
      "v10_energy_error_DFT_minus_MACE_meV_atom": 300.1750251562119,
      "v10_force_vector_RMSE_eV_A": 0.11390238439072761,
      "v10_force_component_MAE_eV_A": 0.053045224400409596,
      "v10_force_vector_max_error_eV_A": 0.21638984773954878,
      "v10_Fmax_eV_A": 5.763361401238033,
      "v10_separating_force_eV_A": -1.3938856178025905,
      "v11_energy_error_DFT_minus_MACE_meV_atom": 203.48752707967913,
      "v11_force_vector_RMSE_eV_A": 0.10511569326255667,
      "v11_force_component_MAE_eV_A": 0.04618813087816899,
      "v11_force_vector_max_error_eV_A": 0.24125848896587426,
      "v11_Fmax_eV_A": 5.739311674544382,
      "v11_separating_force_eV_A": -1.423845503203934,
      "v12_energy_error_DFT_minus_MACE_meV_atom": -8.180010144081725,
      "v12_force_vector_RMSE_eV_A": 0.11658691250715983,
      "v12_force_component_MAE_eV_A": 0.04741604599467234,
      "v12_force_vector_max_error_eV_A": 0.2620527977528998,
      "v12_Fmax_eV_A": 5.44680808391645,
      "v12_separating_force_eV_A": -1.6940658971224187
    }
  ],
  "scope_note": "Small fixed-geometry checks only. AgC is a method-transfer check on a previously studied geometry; these metrics do not establish liquid, TTM, long-MD, or production validation.",
  "frozen_test": {
    "structures": 3,
    "atoms": 89,
    "models": {
      "v9": {
        "energy_MAE_meV_atom": 41.76564822812273,
        "energy_max_abs_error_meV_atom": 75.4741538104692,
        "force_vector_RMSE_eV_A": 0.0733880763432883
      },
      "v10": {
        "energy_MAE_meV_atom": 83.38431179618998,
        "energy_max_abs_error_meV_atom": 129.46012757261923,
        "force_vector_RMSE_eV_A": 0.06286710226308133
      },
      "v11": {
        "energy_MAE_meV_atom": 10.643493636189193,
        "energy_max_abs_error_meV_atom": 16.761870394546463,
        "force_vector_RMSE_eV_A": 0.06322730586641451
      },
      "v12": {
        "energy_MAE_meV_atom": 7.308694009545075,
        "energy_max_abs_error_meV_atom": 11.731673413577681,
        "force_vector_RMSE_eV_A": 0.05821068216568924
      }
    }
  },
  "external_holdout": {
    "structures": 2,
    "atoms": 99,
    "models": {
      "v9": {
        "energy_MAE_meV_atom": 312.60177343487464,
        "energy_max_abs_error_meV_atom": 495.5080301963394,
        "force_vector_RMSE_eV_A": 0.0923865117017028
      },
      "v10": {
        "energy_MAE_meV_atom": 257.3533879538255,
        "energy_max_abs_error_meV_atom": 300.1750251562119,
        "force_vector_RMSE_eV_A": 0.10076090470614832
      },
      "v11": {
        "energy_MAE_meV_atom": 155.69753286443174,
        "energy_max_abs_error_meV_atom": 203.48752707967913,
        "force_vector_RMSE_eV_A": 0.09032557432386099
      },
      "v12": {
        "energy_MAE_meV_atom": 11.691071740419288,
        "energy_max_abs_error_meV_atom": 15.20213333675685,
        "force_vector_RMSE_eV_A": 0.09223849271384651
      }
    }
  }
}
